Data/tokenizer loaded in 0.1s
Time budget: 300s
Gradient accumulation steps: 2
Model compiled in 0.6s

step 00000 (0.0%) | loss: 9.011286 | lrm: 1.00 | dt: 1213ms | tok/sec: 54,010 | epoch: 1 | remaining: 300s    
step 00001 (0.0%) | loss: 9.019857 | lrm: 1.00 | dt: 1188ms | tok/sec: 55,147 | epoch: 1 | remaining: 299s    
step 00002 (0.4%) | loss: 8.699373 | lrm: 1.00 | dt: 1147ms | tok/sec: 57,127 | epoch: 1 | remaining: 298s    
step 00003 (0.8%) | loss: 8.424037 | lrm: 1.00 | dt: 1110ms | tok/sec: 59,051 | epoch: 1 | remaining: 297s    
step 00004 (1.1%) | loss: 8.218995 | lrm: 1.00 | dt: 1201ms | tok/sec: 54,580 | epoch: 1 | remaining: 295s    
step 00005 (1.5%) | loss: 8.068949 | lrm: 1.00 | dt: 1111ms | tok/sec: 58,987 | epoch: 1 | remaining: 294s    
step 00006 (1.9%) | loss: 7.965834 | lrm: 1.00 | dt: 1045ms | tok/sec: 62,703 | epoch: 1 | remaining: 293s    
step 00007 (2.3%) | loss: 7.885885 | lrm: 1.00 | dt: 1038ms | tok/sec: 63,133 | epoch: 1 | remaining: 292s    
step 00008 (2.6%) | loss: 7.823532 | lrm: 1.00 | dt: 1100ms | tok/sec: 59,552 | epoch: 1 | remaining: 291s    
step 00009 (3.0%) | loss: 7.763453 | lrm: 1.00 | dt: 1053ms | tok/sec: 62,266 | epoch: 1 | remaining: 290s    
step 00010 (3.3%) | loss: 7.707740 | lrm: 1.00 | dt: 1054ms | tok/sec: 62,205 | epoch: 1 | remaining: 289s    
step 00011 (3.7%) | loss: 7.663203 | lrm: 1.00 | dt: 1044ms | tok/sec: 62,781 | epoch: 1 | remaining: 288s    
step 00012 (4.0%) | loss: 7.630186 | lrm: 1.00 | dt: 1104ms | tok/sec: 59,354 | epoch: 1 | remaining: 287s    
step 00013 (4.4%) | loss: 7.606196 | lrm: 1.00 | dt: 1049ms | tok/sec: 62,471 | epoch: 1 | remaining: 286s    
step 00014 (4.7%) | loss: 7.577415 | lrm: 1.00 | dt: 1046ms | tok/sec: 62,649 | epoch: 1 | remaining: 285s    
step 00015 (5.1%) | loss: 7.550809 | lrm: 1.00 | dt: 1063ms | tok/sec: 61,676 | epoch: 1 | remaining: 284s    
step 00016 (5.5%) | loss: 7.528514 | lrm: 1.00 | dt: 1093ms | tok/sec: 59,984 | epoch: 1 | remaining: 283s    
step 00017 (5.8%) | loss: 7.511095 | lrm: 1.00 | dt: 1038ms | tok/sec: 63,112 | epoch: 1 | remaining: 282s    
step 00018 (6.2%) | loss: 7.491060 | lrm: 1.00 | dt: 1054ms | tok/sec: 62,169 | epoch: 1 | remaining: 280s    
step 00019 (6.5%) | loss: 7.462705 | lrm: 1.00 | dt: 1058ms | tok/sec: 61,934 | epoch: 1 | remaining: 279s    
step 00020 (6.9%) | loss: 7.438693 | lrm: 1.00 | dt: 1049ms | tok/sec: 62,460 | epoch: 1 | remaining: 278s    
step 00021 (7.2%) | loss: 7.411206 | lrm: 1.00 | dt: 1038ms | tok/sec: 63,163 | epoch: 1 | remaining: 277s    
step 00022 (7.6%) | loss: 7.394718 | lrm: 1.00 | dt: 1050ms | tok/sec: 62,440 | epoch: 1 | remaining: 276s    
step 00023 (7.9%) | loss: 7.379729 | lrm: 1.00 | dt: 1045ms | tok/sec: 62,735 | epoch: 1 | remaining: 275s    
step 00024 (8.3%) | loss: 7.360375 | lrm: 1.00 | dt: 1058ms | tok/sec: 61,921 | epoch: 1 | remaining: 274s    
step 00025 (8.6%) | loss: 7.342041 | lrm: 1.00 | dt: 1074ms | tok/sec: 61,014 | epoch: 1 | remaining: 273s    
step 00026 (9.0%) | loss: 7.321099 | lrm: 1.00 | dt: 1041ms | tok/sec: 62,942 | epoch: 1 | remaining: 272s    
step 00027 (9.3%) | loss: 7.307625 | lrm: 1.00 | dt: 1061ms | tok/sec: 61,766 | epoch: 1 | remaining: 271s    
step 00028 (9.7%) | loss: 7.290132 | lrm: 1.00 | dt: 1048ms | tok/sec: 62,559 | epoch: 1 | remaining: 270s    
step 00029 (10.0%) | loss: 7.262109 | lrm: 1.00 | dt: 1098ms | tok/sec: 59,705 | epoch: 1 | remaining: 269s    
step 00030 (10.4%) | loss: 7.246363 | lrm: 1.00 | dt: 1068ms | tok/sec: 61,356 | epoch: 1 | remaining: 268s    
step 00031 (10.7%) | loss: 7.234929 | lrm: 1.00 | dt: 1066ms | tok/sec: 61,470 | epoch: 1 | remaining: 267s    
step 00032 (11.1%) | loss: 7.224444 | lrm: 1.00 | dt: 1038ms | tok/sec: 63,107 | epoch: 1 | remaining: 266s    
step 00033 (11.4%) | loss: 7.209945 | lrm: 1.00 | dt: 1046ms | tok/sec: 62,661 | epoch: 1 | remaining: 265s    
step 00034 (11.8%) | loss: 7.196839 | lrm: 1.00 | dt: 1072ms | tok/sec: 61,159 | epoch: 1 | remaining: 264s    
step 00035 (12.1%) | loss: 7.173530 | lrm: 1.00 | dt: 1067ms | tok/sec: 61,445 | epoch: 1 | remaining: 262s    
step 00036 (12.5%) | loss: 7.155869 | lrm: 1.00 | dt: 1045ms | tok/sec: 62,742 | epoch: 1 | remaining: 261s    
step 00037 (12.9%) | loss: 7.140990 | lrm: 1.00 | dt: 1041ms | tok/sec: 62,969 | epoch: 1 | remaining: 260s    
step 00038 (13.2%) | loss: 7.122347 | lrm: 1.00 | dt: 1059ms | tok/sec: 61,882 | epoch: 1 | remaining: 259s    
step 00039 (13.6%) | loss: 7.101615 | lrm: 1.00 | dt: 1092ms | tok/sec: 60,003 | epoch: 1 | remaining: 258s    
step 00040 (13.9%) | loss: 7.080660 | lrm: 1.00 | dt: 1054ms | tok/sec: 62,150 | epoch: 1 | remaining: 257s    
step 00041 (14.3%) | loss: 7.067179 | lrm: 1.00 | dt: 1058ms | tok/sec: 61,921 | epoch: 1 | remaining: 256s    
step 00042 (14.6%) | loss: 7.048293 | lrm: 1.00 | dt: 1060ms | tok/sec: 61,839 | epoch: 1 | remaining: 255s    
step 00043 (15.0%) | loss: 7.033363 | lrm: 1.00 | dt: 1040ms | tok/sec: 63,025 | epoch: 1 | remaining: 254s    
step 00044 (15.3%) | loss: 7.019994 | lrm: 1.00 | dt: 1035ms | tok/sec: 63,294 | epoch: 1 | remaining: 253s    
step 00045 (15.7%) | loss: 6.996948 | lrm: 1.00 | dt: 1037ms | tok/sec: 63,205 | epoch: 1 | remaining: 252s    
step 00046 (16.0%) | loss: 6.972950 | lrm: 1.00 | dt: 1055ms | tok/sec: 62,117 | epoch: 1 | remaining: 251s    
step 00047 (16.4%) | loss: 6.945740 | lrm: 1.00 | dt: 1044ms | tok/sec: 62,767 | epoch: 1 | remaining: 250s    
step 00048 (16.7%) | loss: 6.916731 | lrm: 1.00 | dt: 1035ms | tok/sec: 63,310 | epoch: 1 | remaining: 249s    
step 00049 (17.1%) | loss: 6.888238 | lrm: 1.00 | dt: 1040ms | tok/sec: 63,018 | epoch: 1 | remaining: 248s    
step 00050 (17.4%) | loss: 6.864899 | lrm: 1.00 | dt: 1054ms | tok/sec: 62,206 | epoch: 1 | remaining: 247s    
step 00051 (17.8%) | loss: 6.836638 | lrm: 1.00 | dt: 1046ms | tok/sec: 62,654 | epoch: 1 | remaining: 246s    
step 00052 (18.1%) | loss: 6.817847 | lrm: 1.00 | dt: 1042ms | tok/sec: 62,908 | epoch: 1 | remaining: 245s    
step 00053 (18.5%) | loss: 6.791763 | lrm: 1.00 | dt: 1038ms | tok/sec: 63,123 | epoch: 1 | remaining: 244s    
step 00054 (18.8%) | loss: 6.774827 | lrm: 1.00 | dt: 1061ms | tok/sec: 61,795 | epoch: 1 | remaining: 243s    
step 00055 (19.1%) | loss: 6.759884 | lrm: 1.00 | dt: 1060ms | tok/sec: 61,825 | epoch: 1 | remaining: 241s    
step 00056 (19.5%) | loss: 6.749232 | lrm: 1.00 | dt: 1044ms | tok/sec: 62,799 | epoch: 1 | remaining: 240s    
step 00057 (19.9%) | loss: 6.730313 | lrm: 1.00 | dt: 1034ms | tok/sec: 63,380 | epoch: 1 | remaining: 239s    
step 00058 (20.2%) | loss: 6.705929 | lrm: 1.00 | dt: 1043ms | tok/sec: 62,842 | epoch: 1 | remaining: 238s    
step 00059 (20.5%) | loss: 6.691761 | lrm: 1.00 | dt: 1047ms | tok/sec: 62,600 | epoch: 1 | remaining: 237s    
step 00060 (20.9%) | loss: 6.668213 | lrm: 1.00 | dt: 1059ms | tok/sec: 61,878 | epoch: 1 | remaining: 236s    
step 00061 (21.2%) | loss: 6.647910 | lrm: 1.00 | dt: 1088ms | tok/sec: 60,250 | epoch: 1 | remaining: 235s    
step 00062 (21.6%) | loss: 6.625128 | lrm: 1.00 | dt: 1042ms | tok/sec: 62,884 | epoch: 1 | remaining: 234s    
step 00063 (22.0%) | loss: 6.607844 | lrm: 1.00 | dt: 1034ms | tok/sec: 63,384 | epoch: 1 | remaining: 233s    
step 00064 (22.3%) | loss: 6.585876 | lrm: 1.00 | dt: 1039ms | tok/sec: 63,064 | epoch: 1 | remaining: 232s    
step 00065 (22.6%) | loss: 6.568610 | lrm: 1.00 | dt: 1054ms | tok/sec: 62,159 | epoch: 1 | remaining: 231s    
step 00066 (23.0%) | loss: 6.551006 | lrm: 1.00 | dt: 1041ms | tok/sec: 62,924 | epoch: 1 | remaining: 230s    
step 00067 (23.3%) | loss: 6.536092 | lrm: 1.00 | dt: 1035ms | tok/sec: 63,329 | epoch: 1 | remaining: 229s    
step 00068 (23.7%) | loss: 6.524197 | lrm: 1.00 | dt: 1034ms | tok/sec: 63,386 | epoch: 1 | remaining: 228s    
step 00069 (24.0%) | loss: 6.512856 | lrm: 1.00 | dt: 1055ms | tok/sec: 62,130 | epoch: 1 | remaining: 227s    
step 00070 (24.4%) | loss: 6.498095 | lrm: 1.00 | dt: 1045ms | tok/sec: 62,685 | epoch: 1 | remaining: 226s    
step 00071 (24.7%) | loss: 6.484285 | lrm: 1.00 | dt: 1038ms | tok/sec: 63,121 | epoch: 1 | remaining: 225s    
step 00072 (25.1%) | loss: 6.465955 | lrm: 1.00 | dt: 1046ms | tok/sec: 62,647 | epoch: 1 | remaining: 224s    
step 00073 (25.4%) | loss: 6.450667 | lrm: 1.00 | dt: 1077ms | tok/sec: 60,867 | epoch: 1 | remaining: 223s    
step 00074 (25.8%) | loss: 6.443094 | lrm: 1.00 | dt: 1046ms | tok/sec: 62,671 | epoch: 1 | remaining: 222s    
step 00075 (26.1%) | loss: 6.425489 | lrm: 1.00 | dt: 1054ms | tok/sec: 62,171 | epoch: 1 | remaining: 221s    
step 00076 (26.5%) | loss: 6.405706 | lrm: 1.00 | dt: 1044ms | tok/sec: 62,786 | epoch: 1 | remaining: 219s    
step 00077 (26.8%) | loss: 6.393907 | lrm: 1.00 | dt: 1104ms | tok/sec: 59,376 | epoch: 1 | remaining: 218s    
step 00078 (27.2%) | loss: 6.383997 | lrm: 1.00 | dt: 1138ms | tok/sec: 57,591 | epoch: 1 | remaining: 217s    
step 00079 (27.6%) | loss: 6.368778 | lrm: 1.00 | dt: 1145ms | tok/sec: 57,214 | epoch: 1 | remaining: 216s    
step 00080 (28.0%) | loss: 6.361442 | lrm: 1.00 | dt: 1137ms | tok/sec: 57,659 | epoch: 1 | remaining: 215s    
step 00081 (28.3%) | loss: 6.340424 | lrm: 1.00 | dt: 1098ms | tok/sec: 59,711 | epoch: 1 | remaining: 214s    
step 00082 (28.7%) | loss: 6.329068 | lrm: 1.00 | dt: 1094ms | tok/sec: 59,907 | epoch: 1 | remaining: 213s    
step 00083 (29.1%) | loss: 6.319107 | lrm: 1.00 | dt: 1152ms | tok/sec: 56,904 | epoch: 1 | remaining: 212s    
step 00084 (29.5%) | loss: 6.305053 | lrm: 1.00 | dt: 1155ms | tok/sec: 56,722 | epoch: 1 | remaining: 210s    
step 00085 (29.8%) | loss: 6.293292 | lrm: 1.00 | dt: 1084ms | tok/sec: 60,477 | epoch: 1 | remaining: 209s    
step 00086 (30.2%) | loss: 6.275173 | lrm: 1.00 | dt: 1077ms | tok/sec: 60,822 | epoch: 1 | remaining: 208s    
step 00087 (30.6%) | loss: 6.258432 | lrm: 1.00 | dt: 1086ms | tok/sec: 60,333 | epoch: 1 | remaining: 207s    
step 00088 (30.9%) | loss: 6.243849 | lrm: 1.00 | dt: 1086ms | tok/sec: 60,345 | epoch: 1 | remaining: 206s    
step 00089 (31.3%) | loss: 6.232584 | lrm: 1.00 | dt: 1075ms | tok/sec: 60,939 | epoch: 1 | remaining: 205s    
step 00090 (31.6%) | loss: 6.225564 | lrm: 1.00 | dt: 1056ms | tok/sec: 62,083 | epoch: 1 | remaining: 204s    
step 00091 (32.0%) | loss: 6.215131 | lrm: 1.00 | dt: 1063ms | tok/sec: 61,624 | epoch: 1 | remaining: 203s    
step 00092 (32.4%) | loss: 6.208949 | lrm: 1.00 | dt: 1058ms | tok/sec: 61,941 | epoch: 1 | remaining: 202s    
step 00093 (32.7%) | loss: 6.198317 | lrm: 1.00 | dt: 1055ms | tok/sec: 62,096 | epoch: 1 | remaining: 201s    
step 00094 (33.1%) | loss: 6.194116 | lrm: 1.00 | dt: 1047ms | tok/sec: 62,570 | epoch: 1 | remaining: 200s    
step 00095 (33.4%) | loss: 6.184956 | lrm: 1.00 | dt: 1064ms | tok/sec: 61,578 | epoch: 1 | remaining: 199s    
step 00096 (33.8%) | loss: 6.178574 | lrm: 1.00 | dt: 1053ms | tok/sec: 62,243 | epoch: 1 | remaining: 198s    
step 00097 (34.1%) | loss: 6.167598 | lrm: 1.00 | dt: 1053ms | tok/sec: 62,212 | epoch: 1 | remaining: 197s    
step 00098 (34.5%) | loss: 6.154829 | lrm: 1.00 | dt: 1061ms | tok/sec: 61,751 | epoch: 1 | remaining: 196s    
step 00099 (34.8%) | loss: 6.150737 | lrm: 1.00 | dt: 1075ms | tok/sec: 60,953 | epoch: 1 | remaining: 194s    
step 00100 (35.2%) | loss: 6.140057 | lrm: 1.00 | dt: 1055ms | tok/sec: 62,141 | epoch: 1 | remaining: 193s    
step 00101 (35.5%) | loss: 6.136765 | lrm: 1.00 | dt: 1055ms | tok/sec: 62,141 | epoch: 1 | remaining: 192s    
step 00102 (35.9%) | loss: 6.129569 | lrm: 1.00 | dt: 1073ms | tok/sec: 61,065 | epoch: 1 | remaining: 191s    
step 00103 (36.2%) | loss: 6.112936 | lrm: 1.00 | dt: 1111ms | tok/sec: 58,995 | epoch: 1 | remaining: 190s    
step 00104 (36.6%) | loss: 6.108098 | lrm: 1.00 | dt: 1091ms | tok/sec: 60,092 | epoch: 1 | remaining: 189s    
step 00105 (37.0%) | loss: 6.094637 | lrm: 1.00 | dt: 1117ms | tok/sec: 58,645 | epoch: 1 | remaining: 188s    
step 00106 (37.3%) | loss: 6.085240 | lrm: 1.00 | dt: 1233ms | tok/sec: 53,132 | epoch: 1 | remaining: 187s    
step 00107 (37.8%) | loss: 6.070337 | lrm: 1.00 | dt: 1226ms | tok/sec: 53,435 | epoch: 1 | remaining: 186s    
step 00108 (38.2%) | loss: 6.056629 | lrm: 1.00 | dt: 1211ms | tok/sec: 54,128 | epoch: 1 | remaining: 184s    
step 00109 (38.6%) | loss: 6.039421 | lrm: 1.00 | dt: 1149ms | tok/sec: 57,042 | epoch: 1 | remaining: 183s    
step 00110 (38.9%) | loss: 6.023426 | lrm: 1.00 | dt: 1141ms | tok/sec: 57,462 | epoch: 1 | remaining: 182s    
step 00111 (39.3%) | loss: 6.008070 | lrm: 1.00 | dt: 1110ms | tok/sec: 59,059 | epoch: 1 | remaining: 181s    
step 00112 (39.7%) | loss: 5.998222 | lrm: 1.00 | dt: 1119ms | tok/sec: 58,563 | epoch: 1 | remaining: 180s    
step 00113 (40.1%) | loss: 5.988781 | lrm: 1.00 | dt: 1056ms | tok/sec: 62,063 | epoch: 1 | remaining: 179s    
step 00114 (40.4%) | loss: 5.981262 | lrm: 1.00 | dt: 1071ms | tok/sec: 61,189 | epoch: 1 | remaining: 178s    
step 00115 (40.8%) | loss: 5.975189 | lrm: 1.00 | dt: 1138ms | tok/sec: 57,613 | epoch: 1 | remaining: 177s    
step 00116 (41.2%) | loss: 5.962887 | lrm: 1.00 | dt: 1099ms | tok/sec: 59,622 | epoch: 1 | remaining: 175s    
step 00117 (41.5%) | loss: 5.951685 | lrm: 1.00 | dt: 1067ms | tok/sec: 61,433 | epoch: 1 | remaining: 174s    
step 00118 (41.9%) | loss: 5.947255 | lrm: 1.00 | dt: 1090ms | tok/sec: 60,115 | epoch: 1 | remaining: 173s    
step 00119 (42.2%) | loss: 5.941524 | lrm: 1.00 | dt: 1116ms | tok/sec: 58,737 | epoch: 1 | remaining: 172s    
step 00120 (42.6%) | loss: 5.929869 | lrm: 1.00 | dt: 1078ms | tok/sec: 60,776 | epoch: 1 | remaining: 171s    
step 00121 (43.0%) | loss: 5.921084 | lrm: 1.00 | dt: 1059ms | tok/sec: 61,902 | epoch: 1 | remaining: 170s    
step 00122 (43.3%) | loss: 5.912620 | lrm: 1.00 | dt: 1051ms | tok/sec: 62,339 | epoch: 1 | remaining: 169s    
step 00123 (43.7%) | loss: 5.906874 | lrm: 1.00 | dt: 1073ms | tok/sec: 61,081 | epoch: 1 | remaining: 168s    
step 00124 (44.0%) | loss: 5.902306 | lrm: 1.00 | dt: 1047ms | tok/sec: 62,586 | epoch: 1 | remaining: 167s    
step 00125 (44.4%) | loss: 5.895278 | lrm: 1.00 | dt: 1039ms | tok/sec: 63,061 | epoch: 1 | remaining: 166s    
step 00126 (44.7%) | loss: 5.896208 | lrm: 1.00 | dt: 1038ms | tok/sec: 63,127 | epoch: 1 | remaining: 165s    
step 00127 (45.1%) | loss: 5.887468 | lrm: 1.00 | dt: 1062ms | tok/sec: 61,723 | epoch: 1 | remaining: 164s    
step 00128 (45.4%) | loss: 5.884474 | lrm: 1.00 | dt: 1037ms | tok/sec: 63,193 | epoch: 1 | remaining: 163s    
step 00129 (45.8%) | loss: 5.869351 | lrm: 1.00 | dt: 1033ms | tok/sec: 63,425 | epoch: 1 | remaining: 162s    
step 00130 (46.1%) | loss: 5.859857 | lrm: 1.00 | dt: 1041ms | tok/sec: 62,947 | epoch: 1 | remaining: 161s    
step 00131 (46.5%) | loss: 5.841436 | lrm: 1.00 | dt: 1066ms | tok/sec: 61,497 | epoch: 1 | remaining: 160s    
step 00132 (46.8%) | loss: 5.831152 | lrm: 1.00 | dt: 1039ms | tok/sec: 63,094 | epoch: 1 | remaining: 158s    
step 00133 (47.2%) | loss: 5.820761 | lrm: 1.00 | dt: 1042ms | tok/sec: 62,881 | epoch: 1 | remaining: 157s    
step 00134 (47.5%) | loss: 5.812062 | lrm: 1.00 | dt: 1047ms | tok/sec: 62,615 | epoch: 1 | remaining: 156s    
step 00135 (47.9%) | loss: 5.797786 | lrm: 1.00 | dt: 1063ms | tok/sec: 61,639 | epoch: 1 | remaining: 155s    
step 00136 (48.2%) | loss: 5.785416 | lrm: 1.00 | dt: 1038ms | tok/sec: 63,113 | epoch: 1 | remaining: 154s    
step 00137 (48.6%) | loss: 5.784282 | lrm: 1.00 | dt: 1039ms | tok/sec: 63,090 | epoch: 1 | remaining: 153s    
step 00138 (48.9%) | loss: 5.775148 | lrm: 1.00 | dt: 1052ms | tok/sec: 62,324 | epoch: 1 | remaining: 152s    
step 00139 (49.3%) | loss: 5.769362 | lrm: 1.00 | dt: 1059ms | tok/sec: 61,890 | epoch: 1 | remaining: 151s    
step 00140 (49.6%) | loss: 5.758472 | lrm: 1.00 | dt: 1035ms | tok/sec: 63,320 | epoch: 1 | remaining: 150s    
step 00141 (50.0%) | loss: 5.750572 | lrm: 1.00 | dt: 1049ms | tok/sec: 62,488 | epoch: 1 | remaining: 149s    
step 00142 (50.3%) | loss: 5.737349 | lrm: 0.99 | dt: 1063ms | tok/sec: 61,639 | epoch: 1 | remaining: 148s    
step 00143 (50.7%) | loss: 5.725692 | lrm: 0.99 | dt: 1043ms | tok/sec: 62,848 | epoch: 1 | remaining: 147s    
step 00144 (51.0%) | loss: 5.718421 | lrm: 0.98 | dt: 1042ms | tok/sec: 62,898 | epoch: 1 | remaining: 146s    
step 00145 (51.4%) | loss: 5.709382 | lrm: 0.97 | dt: 1040ms | tok/sec: 63,035 | epoch: 1 | remaining: 145s    
step 00146 (51.7%) | loss: 5.699313 | lrm: 0.97 | dt: 1057ms | tok/sec: 61,974 | epoch: 1 | remaining: 144s    
step 00147 (52.1%) | loss: 5.698569 | lrm: 0.96 | dt: 1046ms | tok/sec: 62,639 | epoch: 1 | remaining: 143s    
step 00148 (52.4%) | loss: 5.696612 | lrm: 0.95 | dt: 1041ms | tok/sec: 62,975 | epoch: 1 | remaining: 142s    
step 00149 (52.8%) | loss: 5.694319 | lrm: 0.94 | dt: 1038ms | tok/sec: 63,156 | epoch: 1 | remaining: 141s    
step 00150 (53.1%) | loss: 5.680499 | lrm: 0.94 | dt: 1056ms | tok/sec: 62,075 | epoch: 1 | remaining: 140s    
step 00151 (53.5%) | loss: 5.671134 | lrm: 0.93 | dt: 1035ms | tok/sec: 63,318 | epoch: 1 | remaining: 139s    
step 00152 (53.8%) | loss: 5.663877 | lrm: 0.92 | dt: 1035ms | tok/sec: 63,309 | epoch: 1 | remaining: 138s    
step 00153 (54.1%) | loss: 5.654262 | lrm: 0.92 | dt: 1041ms | tok/sec: 62,927 | epoch: 1 | remaining: 137s    
step 00154 (54.5%) | loss: 5.643146 | lrm: 0.91 | dt: 1057ms | tok/sec: 61,992 | epoch: 1 | remaining: 135s    
step 00155 (54.8%) | loss: 5.637579 | lrm: 0.90 | dt: 1039ms | tok/sec: 63,090 | epoch: 1 | remaining: 134s    
step 00156 (55.2%) | loss: 5.620729 | lrm: 0.90 | dt: 1038ms | tok/sec: 63,150 | epoch: 1 | remaining: 133s    
step 00157 (55.5%) | loss: 5.610456 | lrm: 0.89 | dt: 1044ms | tok/sec: 62,750 | epoch: 1 | remaining: 132s    
step 00158 (55.9%) | loss: 5.604189 | lrm: 0.88 | dt: 1049ms | tok/sec: 62,470 | epoch: 1 | remaining: 131s    
step 00159 (56.2%) | loss: 5.593425 | lrm: 0.88 | dt: 1036ms | tok/sec: 63,231 | epoch: 1 | remaining: 130s    
step 00160 (56.6%) | loss: 5.581619 | lrm: 0.87 | dt: 1034ms | tok/sec: 63,407 | epoch: 1 | remaining: 129s    
step 00161 (56.9%) | loss: 5.574554 | lrm: 0.86 | dt: 1056ms | tok/sec: 62,061 | epoch: 1 | remaining: 128s    
step 00162 (57.3%) | loss: 5.562774 | lrm: 0.85 | dt: 1049ms | tok/sec: 62,476 | epoch: 1 | remaining: 127s    
step 00163 (57.6%) | loss: 5.557088 | lrm: 0.85 | dt: 1041ms | tok/sec: 62,927 | epoch: 1 | remaining: 126s    
step 00164 (58.0%) | loss: 5.543237 | lrm: 0.84 | dt: 1057ms | tok/sec: 62,001 | epoch: 1 | remaining: 125s    
step 00165 (58.3%) | loss: 5.542044 | lrm: 0.83 | dt: 1045ms | tok/sec: 62,734 | epoch: 1 | remaining: 124s    
step 00166 (58.7%) | loss: 5.533342 | lrm: 0.83 | dt: 1058ms | tok/sec: 61,964 | epoch: 1 | remaining: 123s    
step 00167 (59.0%) | loss: 5.519895 | lrm: 0.82 | dt: 1083ms | tok/sec: 60,526 | epoch: 1 | remaining: 122s    
step 00168 (59.4%) | loss: 5.522179 | lrm: 0.81 | dt: 1049ms | tok/sec: 62,460 | epoch: 1 | remaining: 121s    
step 00169 (59.7%) | loss: 5.518114 | lrm: 0.81 | dt: 1047ms | tok/sec: 62,597 | epoch: 1 | remaining: 120s    
step 00170 (60.1%) | loss: 5.519373 | lrm: 0.80 | dt: 1035ms | tok/sec: 63,314 | epoch: 1 | remaining: 119s    
step 00171 (60.4%) | loss: 5.518022 | lrm: 0.79 | dt: 1035ms | tok/sec: 63,308 | epoch: 1 | remaining: 118s    
step 00172 (60.8%) | loss: 5.504390 | lrm: 0.78 | dt: 1054ms | tok/sec: 62,150 | epoch: 1 | remaining: 117s    
step 00173 (61.1%) | loss: 5.499685 | lrm: 0.78 | dt: 1079ms | tok/sec: 60,761 | epoch: 1 | remaining: 116s    
step 00174 (61.5%) | loss: 5.483505 | lrm: 0.77 | dt: 1048ms | tok/sec: 62,541 | epoch: 1 | remaining: 114s    
step 00175 (61.8%) | loss: 5.469314 | lrm: 0.76 | dt: 1040ms | tok/sec: 63,040 | epoch: 1 | remaining: 113s    
step 00176 (62.2%) | loss: 5.460728 | lrm: 0.76 | dt: 1038ms | tok/sec: 63,133 | epoch: 1 | remaining: 112s    
step 00177 (62.5%) | loss: 5.445655 | lrm: 0.75 | dt: 1055ms | tok/sec: 62,113 | epoch: 1 | remaining: 111s    
step 00178 (62.9%) | loss: 5.444823 | lrm: 0.74 | dt: 1044ms | tok/sec: 62,772 | epoch: 1 | remaining: 110s    
step 00179 (63.2%) | loss: 5.427577 | lrm: 0.74 | dt: 1036ms | tok/sec: 63,254 | epoch: 1 | remaining: 109s    
step 00180 (63.6%) | loss: 5.421739 | lrm: 0.73 | dt: 1034ms | tok/sec: 63,351 | epoch: 1 | remaining: 108s    
step 00181 (63.9%) | loss: 5.417921 | lrm: 0.72 | dt: 1066ms | tok/sec: 61,473 | epoch: 1 | remaining: 107s    
step 00182 (64.3%) | loss: 5.411951 | lrm: 0.71 | dt: 1029ms | tok/sec: 63,686 | epoch: 1 | remaining: 106s    
step 00183 (64.6%) | loss: 5.409269 | lrm: 0.71 | dt: 1035ms | tok/sec: 63,302 | epoch: 1 | remaining: 105s    
step 00184 (65.0%) | loss: 5.399600 | lrm: 0.70 | dt: 1038ms | tok/sec: 63,125 | epoch: 1 | remaining: 104s    
step 00185 (65.3%) | loss: 5.391827 | lrm: 0.69 | dt: 1054ms | tok/sec: 62,166 | epoch: 1 | remaining: 103s    
step 00186 (65.7%) | loss: 5.383382 | lrm: 0.69 | dt: 1041ms | tok/sec: 62,966 | epoch: 1 | remaining: 102s    
step 00187 (66.0%) | loss: 5.383475 | lrm: 0.68 | dt: 1054ms | tok/sec: 62,192 | epoch: 1 | remaining: 101s    
step 00188 (66.4%) | loss: 5.376929 | lrm: 0.67 | dt: 1061ms | tok/sec: 61,767 | epoch: 1 | remaining: 100s    
step 00189 (66.7%) | loss: 5.370059 | lrm: 0.67 | dt: 1060ms | tok/sec: 61,824 | epoch: 1 | remaining: 99s    
step 00190 (67.1%) | loss: 5.362061 | lrm: 0.66 | dt: 1090ms | tok/sec: 60,100 | epoch: 1 | remaining: 98s    
step 00191 (67.4%) | loss: 5.357914 | lrm: 0.65 | dt: 1067ms | tok/sec: 61,409 | epoch: 1 | remaining: 97s    
step 00192 (67.8%) | loss: 5.348947 | lrm: 0.64 | dt: 1057ms | tok/sec: 62,012 | epoch: 1 | remaining: 96s    
step 00193 (68.1%) | loss: 5.351893 | lrm: 0.64 | dt: 1146ms | tok/sec: 57,176 | epoch: 1 | remaining: 94s    
step 00194 (68.5%) | loss: 5.334761 | lrm: 0.63 | dt: 1066ms | tok/sec: 61,455 | epoch: 1 | remaining: 93s    
step 00195 (68.9%) | loss: 5.321896 | lrm: 0.62 | dt: 1061ms | tok/sec: 61,778 | epoch: 1 | remaining: 92s    
step 00196 (69.2%) | loss: 5.310085 | lrm: 0.62 | dt: 1072ms | tok/sec: 61,151 | epoch: 1 | remaining: 91s    
step 00197 (69.6%) | loss: 5.295466 | lrm: 0.61 | dt: 1054ms | tok/sec: 62,157 | epoch: 1 | remaining: 90s    
step 00198 (69.9%) | loss: 5.281288 | lrm: 0.60 | dt: 1043ms | tok/sec: 62,845 | epoch: 1 | remaining: 89s    
step 00199 (70.3%) | loss: 5.271664 | lrm: 0.59 | dt: 1043ms | tok/sec: 62,829 | epoch: 1 | remaining: 88s    
step 00200 (70.6%) | loss: 5.266406 | lrm: 0.59 | dt: 1063ms | tok/sec: 61,660 | epoch: 1 | remaining: 87s    
step 00201 (71.0%) | loss: 5.263782 | lrm: 0.58 | dt: 1059ms | tok/sec: 61,884 | epoch: 1 | remaining: 86s    
step 00202 (71.3%) | loss: 5.252432 | lrm: 0.57 | dt: 1062ms | tok/sec: 61,731 | epoch: 1 | remaining: 85s    
step 00203 (71.7%) | loss: 5.256171 | lrm: 0.57 | dt: 1049ms | tok/sec: 62,484 | epoch: 1 | remaining: 84s    
step 00204 (72.0%) | loss: 5.252673 | lrm: 0.56 | dt: 1123ms | tok/sec: 58,366 | epoch: 1 | remaining: 83s    
step 00205 (72.4%) | loss: 5.247882 | lrm: 0.55 | dt: 1057ms | tok/sec: 62,013 | epoch: 1 | remaining: 82s    
step 00206 (72.8%) | loss: 5.235729 | lrm: 0.54 | dt: 1058ms | tok/sec: 61,938 | epoch: 1 | remaining: 81s    
step 00207 (73.1%) | loss: 5.223962 | lrm: 0.54 | dt: 1068ms | tok/sec: 61,363 | epoch: 1 | remaining: 80s    
step 00208 (73.5%) | loss: 5.223766 | lrm: 0.53 | dt: 1062ms | tok/sec: 61,696 | epoch: 1 | remaining: 79s    
step 00209 (73.8%) | loss: 5.217633 | lrm: 0.52 | dt: 1036ms | tok/sec: 63,239 | epoch: 1 | remaining: 77s    
step 00210 (74.2%) | loss: 5.209746 | lrm: 0.52 | dt: 1036ms | tok/sec: 63,239 | epoch: 1 | remaining: 76s    
step 00211 (74.5%) | loss: 5.202414 | lrm: 0.51 | dt: 1055ms | tok/sec: 62,103 | epoch: 1 | remaining: 75s    
step 00212 (74.9%) | loss: 5.196078 | lrm: 0.50 | dt: 1062ms | tok/sec: 61,705 | epoch: 1 | remaining: 74s    
step 00213 (75.2%) | loss: 5.191902 | lrm: 0.50 | dt: 1037ms | tok/sec: 63,220 | epoch: 1 | remaining: 73s    
step 00214 (75.6%) | loss: 5.184317 | lrm: 0.49 | dt: 1039ms | tok/sec: 63,088 | epoch: 1 | remaining: 72s    
step 00215 (75.9%) | loss: 5.180282 | lrm: 0.48 | dt: 1043ms | tok/sec: 62,822 | epoch: 1 | remaining: 71s    
step 00216 (76.3%) | loss: 5.177720 | lrm: 0.47 | dt: 1061ms | tok/sec: 61,741 | epoch: 1 | remaining: 70s    
step 00217 (76.6%) | loss: 5.172715 | lrm: 0.47 | dt: 1058ms | tok/sec: 61,936 | epoch: 1 | remaining: 69s    
step 00218 (77.0%) | loss: 5.165846 | lrm: 0.46 | dt: 1046ms | tok/sec: 62,659 | epoch: 1 | remaining: 68s    
step 00219 (77.3%) | loss: 5.150774 | lrm: 0.45 | dt: 1104ms | tok/sec: 59,336 | epoch: 1 | remaining: 67s    
step 00220 (77.7%) | loss: 5.142727 | lrm: 0.45 | dt: 1052ms | tok/sec: 62,281 | epoch: 1 | remaining: 66s    
step 00221 (78.0%) | loss: 5.140866 | lrm: 0.44 | dt: 1044ms | tok/sec: 62,761 | epoch: 1 | remaining: 65s    
step 00222 (78.4%) | loss: 5.134800 | lrm: 0.43 | dt: 1072ms | tok/sec: 61,137 | epoch: 1 | remaining: 64s    
step 00223 (78.7%) | loss: 5.120374 | lrm: 0.43 | dt: 1069ms | tok/sec: 61,304 | epoch: 1 | remaining: 63s    
step 00224 (79.1%) | loss: 5.127776 | lrm: 0.42 | dt: 1045ms | tok/sec: 62,709 | epoch: 1 | remaining: 62s    
step 00225 (79.5%) | loss: 5.118647 | lrm: 0.41 | dt: 1056ms | tok/sec: 62,064 | epoch: 1 | remaining: 61s    
step 00226 (79.8%) | loss: 5.114240 | lrm: 0.40 | dt: 1102ms | tok/sec: 59,466 | epoch: 1 | remaining: 59s    
step 00227 (80.2%) | loss: 5.110180 | lrm: 0.40 | dt: 1102ms | tok/sec: 59,449 | epoch: 1 | remaining: 58s    
step 00228 (80.5%) | loss: 5.108214 | lrm: 0.39 | dt: 1092ms | tok/sec: 59,998 | epoch: 1 | remaining: 57s    
step 00229 (80.9%) | loss: 5.102261 | lrm: 0.38 | dt: 1094ms | tok/sec: 59,917 | epoch: 1 | remaining: 56s    
step 00230 (81.3%) | loss: 5.093819 | lrm: 0.37 | dt: 1050ms | tok/sec: 62,421 | epoch: 1 | remaining: 55s    
step 00231 (81.6%) | loss: 5.094704 | lrm: 0.37 | dt: 1068ms | tok/sec: 61,339 | epoch: 1 | remaining: 54s    
step 00232 (82.0%) | loss: 5.091096 | lrm: 0.36 | dt: 1060ms | tok/sec: 61,848 | epoch: 1 | remaining: 53s    
step 00233 (82.3%) | loss: 5.087465 | lrm: 0.35 | dt: 1038ms | tok/sec: 63,144 | epoch: 1 | remaining: 52s    
step 00234 (82.7%) | loss: 5.079702 | lrm: 0.35 | dt: 1038ms | tok/sec: 63,165 | epoch: 1 | remaining: 51s    
step 00235 (83.0%) | loss: 5.067977 | lrm: 0.34 | dt: 1067ms | tok/sec: 61,444 | epoch: 1 | remaining: 50s    
step 00236 (83.4%) | loss: 5.057922 | lrm: 0.33 | dt: 1070ms | tok/sec: 61,236 | epoch: 1 | remaining: 49s    
step 00237 (83.7%) | loss: 5.060632 | lrm: 0.33 | dt: 1076ms | tok/sec: 60,889 | epoch: 1 | remaining: 48s    
step 00238 (84.1%) | loss: 5.063177 | lrm: 0.32 | dt: 1053ms | tok/sec: 62,256 | epoch: 1 | remaining: 47s    
step 00239 (84.4%) | loss: 5.055834 | lrm: 0.31 | dt: 1056ms | tok/sec: 62,052 | epoch: 1 | remaining: 46s    
step 00240 (84.8%) | loss: 5.049990 | lrm: 0.30 | dt: 1061ms | tok/sec: 61,784 | epoch: 1 | remaining: 45s    
step 00241 (85.1%) | loss: 5.047776 | lrm: 0.30 | dt: 1051ms | tok/sec: 62,338 | epoch: 1 | remaining: 44s    
step 00242 (85.5%) | loss: 5.043032 | lrm: 0.29 | dt: 1039ms | tok/sec: 63,085 | epoch: 1 | remaining: 42s    
step 00243 (85.8%) | loss: 5.038265 | lrm: 0.28 | dt: 1100ms | tok/sec: 59,583 | epoch: 1 | remaining: 41s    
step 00244 (86.2%) | loss: 5.026660 | lrm: 0.28 | dt: 1069ms | tok/sec: 61,314 | epoch: 1 | remaining: 40s    
step 00245 (86.6%) | loss: 5.028801 | lrm: 0.27 | dt: 1069ms | tok/sec: 61,299 | epoch: 1 | remaining: 39s    
step 00246 (86.9%) | loss: 5.020771 | lrm: 0.26 | dt: 1065ms | tok/sec: 61,564 | epoch: 1 | remaining: 38s    
step 00247 (87.3%) | loss: 5.016783 | lrm: 0.25 | dt: 1076ms | tok/sec: 60,895 | epoch: 1 | remaining: 37s    
step 00248 (87.6%) | loss: 5.006991 | lrm: 0.25 | dt: 1105ms | tok/sec: 59,292 | epoch: 1 | remaining: 36s    
step 00249 (88.0%) | loss: 5.005018 | lrm: 0.24 | dt: 1099ms | tok/sec: 59,622 | epoch: 1 | remaining: 35s    
step 00250 (88.4%) | loss: 5.000161 | lrm: 0.23 | dt: 1119ms | tok/sec: 58,575 | epoch: 1 | remaining: 34s    
step 00251 (88.7%) | loss: 4.999886 | lrm: 0.23 | dt: 1089ms | tok/sec: 60,173 | epoch: 1 | remaining: 33s    
step 00252 (89.1%) | loss: 5.000730 | lrm: 0.22 | dt: 1075ms | tok/sec: 60,942 | epoch: 1 | remaining: 32s    
step 00253 (89.5%) | loss: 4.995859 | lrm: 0.21 | dt: 1062ms | tok/sec: 61,715 | epoch: 1 | remaining: 31s    
step 00254 (89.8%) | loss: 4.995721 | lrm: 0.20 | dt: 1093ms | tok/sec: 59,950 | epoch: 1 | remaining: 29s    
step 00255 (90.2%) | loss: 4.990669 | lrm: 0.20 | dt: 1114ms | tok/sec: 58,840 | epoch: 1 | remaining: 28s    
step 00256 (90.6%) | loss: 4.979396 | lrm: 0.19 | dt: 1101ms | tok/sec: 59,546 | epoch: 1 | remaining: 27s    
step 00257 (90.9%) | loss: 4.979926 | lrm: 0.18 | dt: 1089ms | tok/sec: 60,198 | epoch: 1 | remaining: 26s    
step 00258 (91.3%) | loss: 4.975324 | lrm: 0.17 | dt: 1105ms | tok/sec: 59,334 | epoch: 1 | remaining: 25s    
step 00259 (91.7%) | loss: 4.965922 | lrm: 0.17 | dt: 1072ms | tok/sec: 61,133 | epoch: 1 | remaining: 24s    
step 00260 (92.0%) | loss: 4.979574 | lrm: 0.16 | dt: 1049ms | tok/sec: 62,487 | epoch: 1 | remaining: 23s    
step 00261 (92.4%) | loss: 4.986384 | lrm: 0.15 | dt: 1072ms | tok/sec: 61,117 | epoch: 1 | remaining: 22s    
step 00262 (92.7%) | loss: 4.978226 | lrm: 0.15 | dt: 1128ms | tok/sec: 58,120 | epoch: 1 | remaining: 21s    
step 00263 (93.1%) | loss: 4.972276 | lrm: 0.14 | dt: 1083ms | tok/sec: 60,496 | epoch: 1 | remaining: 20s    
step 00264 (93.5%) | loss: 4.974339 | lrm: 0.13 | dt: 1052ms | tok/sec: 62,273 | epoch: 1 | remaining: 19s    
step 00265 (93.8%) | loss: 4.971548 | lrm: 0.12 | dt: 1074ms | tok/sec: 61,029 | epoch: 1 | remaining: 18s    
step 00266 (94.2%) | loss: 4.969410 | lrm: 0.12 | dt: 1062ms | tok/sec: 61,693 | epoch: 1 | remaining: 16s    
step 00267 (94.5%) | loss: 4.962490 | lrm: 0.11 | dt: 1059ms | tok/sec: 61,912 | epoch: 1 | remaining: 15s    
step 00268 (94.9%) | loss: 4.952835 | lrm: 0.10 | dt: 1057ms | tok/sec: 61,993 | epoch: 1 | remaining: 14s    
step 00269 (95.2%) | loss: 4.955984 | lrm: 0.10 | dt: 1080ms | tok/sec: 60,674 | epoch: 1 | remaining: 13s    
step 00270 (95.6%) | loss: 4.954098 | lrm: 0.09 | dt: 1063ms | tok/sec: 61,673 | epoch: 1 | remaining: 12s    
step 00271 (95.9%) | loss: 4.953770 | lrm: 0.08 | dt: 1055ms | tok/sec: 62,107 | epoch: 1 | remaining: 11s    
step 00272 (96.3%) | loss: 4.954115 | lrm: 0.07 | dt: 1069ms | tok/sec: 61,311 | epoch: 1 | remaining: 10s    
step 00273 (96.6%) | loss: 4.950527 | lrm: 0.07 | dt: 1069ms | tok/sec: 61,297 | epoch: 1 | remaining: 9s    
step 00274 (97.0%) | loss: 4.950872 | lrm: 0.06 | dt: 1144ms | tok/sec: 57,306 | epoch: 1 | remaining: 8s    
step 00275 (97.4%) | loss: 4.946820 | lrm: 0.05 | dt: 1092ms | tok/sec: 60,003 | epoch: 1 | remaining: 7s    
step 00276 (97.7%) | loss: 4.937263 | lrm: 0.05 | dt: 1121ms | tok/sec: 58,486 | epoch: 1 | remaining: 6s    
step 00277 (98.1%) | loss: 4.933882 | lrm: 0.04 | dt: 1095ms | tok/sec: 59,874 | epoch: 1 | remaining: 5s    
step 00278 (98.5%) | loss: 4.928452 | lrm: 0.03 | dt: 1103ms | tok/sec: 59,410 | epoch: 1 | remaining: 3s    
step 00279 (98.9%) | loss: 4.927107 | lrm: 0.02 | dt: 1055ms | tok/sec: 62,101 | epoch: 1 | remaining: 2s    
step 00280 (99.2%) | loss: 4.922673 | lrm: 0.02 | dt: 1099ms | tok/sec: 59,609 | epoch: 1 | remaining: 1s    
step 00281 (99.6%) | loss: 4.917827 | lrm: 0.01 | dt: 1087ms | tok/sec: 60,275 | epoch: 1 | remaining: 0s    
step 00282 (99.9%) | loss: 4.918271 | lrm: 0.00 | dt: 1072ms | tok/sec: 61,105 | epoch: 1 | remaining: 0s    
Training completed in 301.5s
Starting final eval...
Final eval batch size: 256
Final eval completed in 8.5s
---
val_bpb:          1.738882
training_seconds: 300.9
total_seconds:    310.7
peak_vram_mb:     8600.2
mfu_percent:      0.00
total_tokens_M:   18.5
num_steps:        283
num_params_M:     11.5
depth:            4
  seed 1/3: val_bpb 1.738882
Data/tokenizer loaded in 0.1s
Time budget: 300s
Gradient accumulation steps: 2
Model compiled in 0.6s

step 00000 (0.0%) | loss: 9.011286 | lrm: 1.00 | dt: 1095ms | tok/sec: 59,852 | epoch: 1 | remaining: 300s    
step 00001 (0.0%) | loss: 9.019853 | lrm: 1.00 | dt: 1070ms | tok/sec: 61,247 | epoch: 1 | remaining: 299s    
step 00002 (0.4%) | loss: 8.699366 | lrm: 1.00 | dt: 1057ms | tok/sec: 61,987 | epoch: 1 | remaining: 298s    
step 00003 (0.7%) | loss: 8.424041 | lrm: 1.00 | dt: 1042ms | tok/sec: 62,882 | epoch: 1 | remaining: 297s    
step 00004 (1.1%) | loss: 8.218903 | lrm: 1.00 | dt: 1044ms | tok/sec: 62,761 | epoch: 1 | remaining: 296s    
step 00005 (1.4%) | loss: 8.068913 | lrm: 1.00 | dt: 1054ms | tok/sec: 62,168 | epoch: 1 | remaining: 295s    
step 00006 (1.8%) | loss: 7.965853 | lrm: 1.00 | dt: 1084ms | tok/sec: 60,466 | epoch: 1 | remaining: 294s    
step 00007 (2.1%) | loss: 7.885614 | lrm: 1.00 | dt: 1080ms | tok/sec: 60,702 | epoch: 1 | remaining: 293s    
step 00008 (2.5%) | loss: 7.823097 | lrm: 1.00 | dt: 1048ms | tok/sec: 62,546 | epoch: 1 | remaining: 292s    
step 00009 (2.8%) | loss: 7.764219 | lrm: 1.00 | dt: 1059ms | tok/sec: 61,884 | epoch: 1 | remaining: 290s    
step 00010 (3.2%) | loss: 7.709886 | lrm: 1.00 | dt: 1057ms | tok/sec: 62,005 | epoch: 1 | remaining: 289s    
step 00011 (3.5%) | loss: 7.666190 | lrm: 1.00 | dt: 1047ms | tok/sec: 62,573 | epoch: 1 | remaining: 288s    
step 00012 (3.9%) | loss: 7.642038 | lrm: 1.00 | dt: 1039ms | tok/sec: 63,097 | epoch: 1 | remaining: 287s    
step 00013 (4.2%) | loss: 7.621567 | lrm: 1.00 | dt: 1066ms | tok/sec: 61,456 | epoch: 1 | remaining: 286s    
step 00014 (4.6%) | loss: 7.596101 | lrm: 1.00 | dt: 1049ms | tok/sec: 62,479 | epoch: 1 | remaining: 285s    
step 00015 (4.9%) | loss: 7.571205 | lrm: 1.00 | dt: 1048ms | tok/sec: 62,517 | epoch: 1 | remaining: 284s    
step 00016 (5.3%) | loss: 7.551011 | lrm: 1.00 | dt: 1041ms | tok/sec: 62,936 | epoch: 1 | remaining: 283s    
step 00017 (5.6%) | loss: 7.537017 | lrm: 1.00 | dt: 1065ms | tok/sec: 61,524 | epoch: 1 | remaining: 282s    
step 00018 (6.0%) | loss: 7.522195 | lrm: 1.00 | dt: 1048ms | tok/sec: 62,535 | epoch: 1 | remaining: 281s    
step 00019 (6.3%) | loss: 7.500476 | lrm: 1.00 | dt: 1058ms | tok/sec: 61,959 | epoch: 1 | remaining: 280s    
step 00020 (6.7%) | loss: 7.483632 | lrm: 1.00 | dt: 1062ms | tok/sec: 61,709 | epoch: 1 | remaining: 279s    
step 00021 (7.0%) | loss: 7.462586 | lrm: 1.00 | dt: 1048ms | tok/sec: 62,534 | epoch: 1 | remaining: 278s    
step 00022 (7.4%) | loss: 7.452394 | lrm: 1.00 | dt: 1042ms | tok/sec: 62,880 | epoch: 1 | remaining: 277s    
step 00023 (7.7%) | loss: 7.441153 | lrm: 1.00 | dt: 1056ms | tok/sec: 62,049 | epoch: 1 | remaining: 276s    
step 00024 (8.1%) | loss: 7.429390 | lrm: 1.00 | dt: 1055ms | tok/sec: 62,147 | epoch: 1 | remaining: 275s    
step 00025 (8.4%) | loss: 7.419264 | lrm: 1.00 | dt: 1066ms | tok/sec: 61,486 | epoch: 1 | remaining: 274s    
step 00026 (8.8%) | loss: 7.406713 | lrm: 1.00 | dt: 1067ms | tok/sec: 61,415 | epoch: 1 | remaining: 273s    
step 00027 (9.2%) | loss: 7.395471 | lrm: 1.00 | dt: 1079ms | tok/sec: 60,749 | epoch: 1 | remaining: 271s    
step 00028 (9.5%) | loss: 7.380985 | lrm: 1.00 | dt: 1088ms | tok/sec: 60,234 | epoch: 1 | remaining: 270s    
step 00029 (9.9%) | loss: 7.361721 | lrm: 1.00 | dt: 1062ms | tok/sec: 61,708 | epoch: 1 | remaining: 269s    
step 00030 (10.2%) | loss: 7.351531 | lrm: 1.00 | dt: 1042ms | tok/sec: 62,880 | epoch: 1 | remaining: 268s    
step 00031 (10.6%) | loss: 7.345749 | lrm: 1.00 | dt: 1070ms | tok/sec: 61,244 | epoch: 1 | remaining: 267s    
step 00032 (10.9%) | loss: 7.340084 | lrm: 1.00 | dt: 1067ms | tok/sec: 61,417 | epoch: 1 | remaining: 266s    
step 00033 (11.3%) | loss: 7.330460 | lrm: 1.00 | dt: 1040ms | tok/sec: 63,004 | epoch: 1 | remaining: 265s    
step 00034 (11.6%) | loss: 7.320255 | lrm: 1.00 | dt: 1036ms | tok/sec: 63,270 | epoch: 1 | remaining: 264s    
step 00035 (12.0%) | loss: 7.300737 | lrm: 1.00 | dt: 1053ms | tok/sec: 62,209 | epoch: 1 | remaining: 263s    
step 00036 (12.3%) | loss: 7.289330 | lrm: 1.00 | dt: 1066ms | tok/sec: 61,503 | epoch: 1 | remaining: 262s    
step 00037 (12.7%) | loss: 7.282830 | lrm: 1.00 | dt: 1043ms | tok/sec: 62,852 | epoch: 1 | remaining: 261s    
step 00038 (13.0%) | loss: 7.269972 | lrm: 1.00 | dt: 1040ms | tok/sec: 63,008 | epoch: 1 | remaining: 260s    
step 00039 (13.4%) | loss: 7.252589 | lrm: 1.00 | dt: 1056ms | tok/sec: 62,071 | epoch: 1 | remaining: 259s    
step 00040 (13.7%) | loss: 7.241414 | lrm: 1.00 | dt: 1052ms | tok/sec: 62,309 | epoch: 1 | remaining: 258s    
step 00041 (14.1%) | loss: 7.236209 | lrm: 1.00 | dt: 1040ms | tok/sec: 63,024 | epoch: 1 | remaining: 257s    
step 00042 (14.4%) | loss: 7.224212 | lrm: 1.00 | dt: 1046ms | tok/sec: 62,667 | epoch: 1 | remaining: 256s    
step 00043 (14.8%) | loss: 7.211460 | lrm: 1.00 | dt: 1070ms | tok/sec: 61,275 | epoch: 1 | remaining: 255s    
step 00044 (15.1%) | loss: 7.196266 | lrm: 1.00 | dt: 1058ms | tok/sec: 61,970 | epoch: 1 | remaining: 254s    
step 00045 (15.5%) | loss: 7.172147 | lrm: 1.00 | dt: 1061ms | tok/sec: 61,794 | epoch: 1 | remaining: 252s    
step 00046 (15.8%) | loss: 7.150489 | lrm: 1.00 | dt: 1069ms | tok/sec: 61,291 | epoch: 1 | remaining: 251s    
step 00047 (16.2%) | loss: 7.127190 | lrm: 1.00 | dt: 1083ms | tok/sec: 60,503 | epoch: 1 | remaining: 250s    
step 00048 (16.6%) | loss: 7.101586 | lrm: 1.00 | dt: 1054ms | tok/sec: 62,167 | epoch: 1 | remaining: 249s    
step 00049 (16.9%) | loss: 7.071517 | lrm: 1.00 | dt: 1047ms | tok/sec: 62,618 | epoch: 1 | remaining: 248s    
step 00050 (17.3%) | loss: 7.047288 | lrm: 1.00 | dt: 1085ms | tok/sec: 60,396 | epoch: 1 | remaining: 247s    
step 00051 (17.6%) | loss: 7.017170 | lrm: 1.00 | dt: 1074ms | tok/sec: 61,013 | epoch: 1 | remaining: 246s    
step 00052 (18.0%) | loss: 6.994199 | lrm: 1.00 | dt: 1093ms | tok/sec: 59,938 | epoch: 1 | remaining: 245s    
step 00053 (18.3%) | loss: 6.968434 | lrm: 1.00 | dt: 1107ms | tok/sec: 59,185 | epoch: 1 | remaining: 244s    
step 00054 (18.7%) | loss: 6.949505 | lrm: 1.00 | dt: 1094ms | tok/sec: 59,881 | epoch: 1 | remaining: 243s    
step 00055 (19.1%) | loss: 6.935479 | lrm: 1.00 | dt: 1076ms | tok/sec: 60,916 | epoch: 1 | remaining: 242s    
step 00056 (19.4%) | loss: 6.922810 | lrm: 1.00 | dt: 1047ms | tok/sec: 62,576 | epoch: 1 | remaining: 241s    
step 00057 (19.8%) | loss: 6.903357 | lrm: 1.00 | dt: 1066ms | tok/sec: 61,461 | epoch: 1 | remaining: 240s    
step 00058 (20.1%) | loss: 6.877948 | lrm: 1.00 | dt: 1071ms | tok/sec: 61,193 | epoch: 1 | remaining: 239s    
step 00059 (20.5%) | loss: 6.862085 | lrm: 1.00 | dt: 1052ms | tok/sec: 62,316 | epoch: 1 | remaining: 237s    
step 00060 (20.8%) | loss: 6.840064 | lrm: 1.00 | dt: 1064ms | tok/sec: 61,611 | epoch: 1 | remaining: 236s    
step 00061 (21.2%) | loss: 6.818376 | lrm: 1.00 | dt: 1059ms | tok/sec: 61,863 | epoch: 1 | remaining: 235s    
step 00062 (21.6%) | loss: 6.794385 | lrm: 1.00 | dt: 1066ms | tok/sec: 61,498 | epoch: 1 | remaining: 234s    
step 00063 (21.9%) | loss: 6.775574 | lrm: 1.00 | dt: 1123ms | tok/sec: 58,355 | epoch: 1 | remaining: 233s    
step 00064 (22.3%) | loss: 6.749741 | lrm: 1.00 | dt: 1119ms | tok/sec: 58,577 | epoch: 1 | remaining: 232s    
step 00065 (22.7%) | loss: 6.727826 | lrm: 1.00 | dt: 1071ms | tok/sec: 61,196 | epoch: 1 | remaining: 231s    
step 00066 (23.0%) | loss: 6.705769 | lrm: 1.00 | dt: 1091ms | tok/sec: 60,058 | epoch: 1 | remaining: 230s    
step 00067 (23.4%) | loss: 6.687963 | lrm: 1.00 | dt: 1072ms | tok/sec: 61,123 | epoch: 1 | remaining: 229s    
step 00068 (23.7%) | loss: 6.675929 | lrm: 1.00 | dt: 1072ms | tok/sec: 61,147 | epoch: 1 | remaining: 228s    
step 00069 (24.1%) | loss: 6.663375 | lrm: 1.00 | dt: 1113ms | tok/sec: 58,895 | epoch: 1 | remaining: 227s    
step 00070 (24.5%) | loss: 6.646385 | lrm: 1.00 | dt: 1116ms | tok/sec: 58,706 | epoch: 1 | remaining: 225s    
step 00071 (24.8%) | loss: 6.628228 | lrm: 1.00 | dt: 1089ms | tok/sec: 60,168 | epoch: 1 | remaining: 224s    
step 00072 (25.2%) | loss: 6.608005 | lrm: 1.00 | dt: 1101ms | tok/sec: 59,529 | epoch: 1 | remaining: 223s    
step 00073 (25.6%) | loss: 6.588144 | lrm: 1.00 | dt: 1065ms | tok/sec: 61,516 | epoch: 1 | remaining: 222s    
step 00074 (25.9%) | loss: 6.578399 | lrm: 1.00 | dt: 1064ms | tok/sec: 61,578 | epoch: 1 | remaining: 221s    
step 00075 (26.3%) | loss: 6.559630 | lrm: 1.00 | dt: 1053ms | tok/sec: 62,210 | epoch: 1 | remaining: 220s    
step 00076 (26.6%) | loss: 6.537689 | lrm: 1.00 | dt: 1054ms | tok/sec: 62,149 | epoch: 1 | remaining: 219s    
step 00077 (27.0%) | loss: 6.522191 | lrm: 1.00 | dt: 1045ms | tok/sec: 62,684 | epoch: 1 | remaining: 218s    
step 00078 (27.3%) | loss: 6.507234 | lrm: 1.00 | dt: 1105ms | tok/sec: 59,292 | epoch: 1 | remaining: 217s    
step 00079 (27.7%) | loss: 6.489569 | lrm: 1.00 | dt: 1076ms | tok/sec: 60,921 | epoch: 1 | remaining: 216s    
step 00080 (28.1%) | loss: 6.479759 | lrm: 1.00 | dt: 1070ms | tok/sec: 61,269 | epoch: 1 | remaining: 215s    
step 00081 (28.4%) | loss: 6.456760 | lrm: 1.00 | dt: 1056ms | tok/sec: 62,047 | epoch: 1 | remaining: 214s    
step 00082 (28.8%) | loss: 6.443743 | lrm: 1.00 | dt: 1047ms | tok/sec: 62,603 | epoch: 1 | remaining: 213s    
step 00083 (29.1%) | loss: 6.432272 | lrm: 1.00 | dt: 1108ms | tok/sec: 59,131 | epoch: 1 | remaining: 212s    
step 00084 (29.5%) | loss: 6.417997 | lrm: 1.00 | dt: 1045ms | tok/sec: 62,714 | epoch: 1 | remaining: 211s    
step 00085 (29.8%) | loss: 6.406569 | lrm: 1.00 | dt: 1044ms | tok/sec: 62,769 | epoch: 1 | remaining: 209s    
step 00086 (30.2%) | loss: 6.386789 | lrm: 1.00 | dt: 1056ms | tok/sec: 62,057 | epoch: 1 | remaining: 208s    
step 00087 (30.5%) | loss: 6.368169 | lrm: 1.00 | dt: 1080ms | tok/sec: 60,674 | epoch: 1 | remaining: 207s    
step 00088 (30.9%) | loss: 6.352212 | lrm: 1.00 | dt: 1103ms | tok/sec: 59,400 | epoch: 1 | remaining: 206s    
step 00089 (31.3%) | loss: 6.340769 | lrm: 1.00 | dt: 1049ms | tok/sec: 62,470 | epoch: 1 | remaining: 205s    
step 00090 (31.6%) | loss: 6.331875 | lrm: 1.00 | dt: 1047ms | tok/sec: 62,592 | epoch: 1 | remaining: 204s    
step 00091 (32.0%) | loss: 6.318977 | lrm: 1.00 | dt: 1073ms | tok/sec: 61,064 | epoch: 1 | remaining: 203s    
step 00092 (32.3%) | loss: 6.313079 | lrm: 1.00 | dt: 1135ms | tok/sec: 57,750 | epoch: 1 | remaining: 202s    
step 00093 (32.7%) | loss: 6.302228 | lrm: 1.00 | dt: 1109ms | tok/sec: 59,114 | epoch: 1 | remaining: 201s    
step 00094 (33.1%) | loss: 6.296033 | lrm: 1.00 | dt: 1049ms | tok/sec: 62,489 | epoch: 1 | remaining: 200s    
step 00095 (33.4%) | loss: 6.286646 | lrm: 1.00 | dt: 1069ms | tok/sec: 61,315 | epoch: 1 | remaining: 199s    
step 00096 (33.8%) | loss: 6.279820 | lrm: 1.00 | dt: 1044ms | tok/sec: 62,787 | epoch: 1 | remaining: 198s    
step 00097 (34.1%) | loss: 6.267885 | lrm: 1.00 | dt: 1052ms | tok/sec: 62,281 | epoch: 1 | remaining: 197s    
step 00098 (34.5%) | loss: 6.254476 | lrm: 1.00 | dt: 1101ms | tok/sec: 59,517 | epoch: 1 | remaining: 196s    
step 00099 (34.8%) | loss: 6.251276 | lrm: 1.00 | dt: 1092ms | tok/sec: 60,000 | epoch: 1 | remaining: 194s    
step 00100 (35.2%) | loss: 6.245123 | lrm: 1.00 | dt: 1100ms | tok/sec: 59,556 | epoch: 1 | remaining: 193s    
step 00101 (35.6%) | loss: 6.247196 | lrm: 1.00 | dt: 1056ms | tok/sec: 62,056 | epoch: 1 | remaining: 192s    
step 00102 (35.9%) | loss: 6.246901 | lrm: 1.00 | dt: 1058ms | tok/sec: 61,956 | epoch: 1 | remaining: 191s    
step 00103 (36.3%) | loss: 6.236311 | lrm: 1.00 | dt: 1102ms | tok/sec: 59,444 | epoch: 1 | remaining: 190s    
step 00104 (36.6%) | loss: 6.232980 | lrm: 1.00 | dt: 1083ms | tok/sec: 60,539 | epoch: 1 | remaining: 189s    
step 00105 (37.0%) | loss: 6.219955 | lrm: 1.00 | dt: 1053ms | tok/sec: 62,212 | epoch: 1 | remaining: 188s    
step 00106 (37.3%) | loss: 6.214079 | lrm: 1.00 | dt: 1067ms | tok/sec: 61,403 | epoch: 1 | remaining: 187s    
step 00107 (37.7%) | loss: 6.204856 | lrm: 1.00 | dt: 1060ms | tok/sec: 61,813 | epoch: 1 | remaining: 186s    
step 00108 (38.1%) | loss: 6.193575 | lrm: 1.00 | dt: 1051ms | tok/sec: 62,360 | epoch: 1 | remaining: 185s    
step 00109 (38.4%) | loss: 6.180197 | lrm: 1.00 | dt: 1047ms | tok/sec: 62,614 | epoch: 1 | remaining: 184s    
step 00110 (38.8%) | loss: 6.166351 | lrm: 1.00 | dt: 1099ms | tok/sec: 59,621 | epoch: 1 | remaining: 183s    
step 00111 (39.1%) | loss: 6.152078 | lrm: 1.00 | dt: 1101ms | tok/sec: 59,524 | epoch: 1 | remaining: 182s    
step 00112 (39.5%) | loss: 6.143217 | lrm: 1.00 | dt: 1089ms | tok/sec: 60,153 | epoch: 1 | remaining: 180s    
step 00113 (39.9%) | loss: 6.134305 | lrm: 1.00 | dt: 1116ms | tok/sec: 58,711 | epoch: 1 | remaining: 179s    
step 00114 (40.2%) | loss: 6.125778 | lrm: 1.00 | dt: 1101ms | tok/sec: 59,541 | epoch: 1 | remaining: 178s    
step 00115 (40.6%) | loss: 6.119701 | lrm: 1.00 | dt: 1062ms | tok/sec: 61,727 | epoch: 1 | remaining: 177s    
step 00116 (40.9%) | loss: 6.109555 | lrm: 1.00 | dt: 1066ms | tok/sec: 61,473 | epoch: 1 | remaining: 176s    
step 00117 (41.3%) | loss: 6.100180 | lrm: 1.00 | dt: 1065ms | tok/sec: 61,554 | epoch: 1 | remaining: 175s    
step 00118 (41.7%) | loss: 6.097482 | lrm: 1.00 | dt: 1069ms | tok/sec: 61,320 | epoch: 1 | remaining: 174s    
step 00119 (42.0%) | loss: 6.093623 | lrm: 1.00 | dt: 1047ms | tok/sec: 62,579 | epoch: 1 | remaining: 173s    
step 00120 (42.4%) | loss: 6.080786 | lrm: 1.00 | dt: 1057ms | tok/sec: 61,976 | epoch: 1 | remaining: 172s    
step 00121 (42.7%) | loss: 6.073235 | lrm: 1.00 | dt: 1061ms | tok/sec: 61,759 | epoch: 1 | remaining: 171s    
step 00122 (43.1%) | loss: 6.065451 | lrm: 1.00 | dt: 1064ms | tok/sec: 61,585 | epoch: 1 | remaining: 170s    
step 00123 (43.4%) | loss: 6.059967 | lrm: 1.00 | dt: 1067ms | tok/sec: 61,446 | epoch: 1 | remaining: 169s    
step 00124 (43.8%) | loss: 6.056968 | lrm: 1.00 | dt: 1107ms | tok/sec: 59,196 | epoch: 1 | remaining: 168s    
step 00125 (44.1%) | loss: 6.050909 | lrm: 1.00 | dt: 1124ms | tok/sec: 58,328 | epoch: 1 | remaining: 166s    
step 00126 (44.5%) | loss: 6.055690 | lrm: 1.00 | dt: 1112ms | tok/sec: 58,942 | epoch: 1 | remaining: 165s    
step 00127 (44.9%) | loss: 6.052269 | lrm: 1.00 | dt: 1067ms | tok/sec: 61,442 | epoch: 1 | remaining: 164s    
step 00128 (45.2%) | loss: 6.049737 | lrm: 1.00 | dt: 1087ms | tok/sec: 60,291 | epoch: 1 | remaining: 163s    
step 00129 (45.6%) | loss: 6.032266 | lrm: 1.00 | dt: 1109ms | tok/sec: 59,102 | epoch: 1 | remaining: 162s    
step 00130 (46.0%) | loss: 6.022275 | lrm: 1.00 | dt: 1102ms | tok/sec: 59,472 | epoch: 1 | remaining: 161s    
step 00131 (46.3%) | loss: 6.005959 | lrm: 1.00 | dt: 1105ms | tok/sec: 59,296 | epoch: 1 | remaining: 160s    
step 00132 (46.7%) | loss: 5.996005 | lrm: 1.00 | dt: 1121ms | tok/sec: 58,473 | epoch: 1 | remaining: 159s    
step 00133 (47.1%) | loss: 5.985047 | lrm: 1.00 | dt: 1074ms | tok/sec: 61,048 | epoch: 1 | remaining: 158s    
step 00134 (47.4%) | loss: 5.977175 | lrm: 1.00 | dt: 1111ms | tok/sec: 58,976 | epoch: 1 | remaining: 157s    
step 00135 (47.8%) | loss: 5.962826 | lrm: 1.00 | dt: 1120ms | tok/sec: 58,518 | epoch: 1 | remaining: 155s    
step 00136 (48.2%) | loss: 5.948431 | lrm: 1.00 | dt: 1083ms | tok/sec: 60,532 | epoch: 1 | remaining: 154s    
step 00137 (48.6%) | loss: 5.946010 | lrm: 1.00 | dt: 1099ms | tok/sec: 59,628 | epoch: 1 | remaining: 153s    
step 00138 (48.9%) | loss: 5.933848 | lrm: 1.00 | dt: 1136ms | tok/sec: 57,685 | epoch: 1 | remaining: 152s    
step 00139 (49.3%) | loss: 5.926934 | lrm: 1.00 | dt: 1075ms | tok/sec: 60,949 | epoch: 1 | remaining: 151s    
step 00140 (49.7%) | loss: 5.915130 | lrm: 1.00 | dt: 1055ms | tok/sec: 62,108 | epoch: 1 | remaining: 150s    
step 00141 (50.0%) | loss: 5.907998 | lrm: 1.00 | dt: 1047ms | tok/sec: 62,607 | epoch: 1 | remaining: 149s    
step 00142 (50.4%) | loss: 5.896116 | lrm: 0.99 | dt: 1058ms | tok/sec: 61,942 | epoch: 1 | remaining: 148s    
step 00143 (50.7%) | loss: 5.887201 | lrm: 0.99 | dt: 1038ms | tok/sec: 63,157 | epoch: 1 | remaining: 147s    
step 00144 (51.1%) | loss: 5.880463 | lrm: 0.98 | dt: 1069ms | tok/sec: 61,298 | epoch: 1 | remaining: 146s    
step 00145 (51.4%) | loss: 5.873931 | lrm: 0.97 | dt: 1054ms | tok/sec: 62,181 | epoch: 1 | remaining: 145s    
step 00146 (51.8%) | loss: 5.866506 | lrm: 0.96 | dt: 1040ms | tok/sec: 62,991 | epoch: 1 | remaining: 144s    
step 00147 (52.1%) | loss: 5.866521 | lrm: 0.96 | dt: 1044ms | tok/sec: 62,773 | epoch: 1 | remaining: 143s    
step 00148 (52.5%) | loss: 5.866609 | lrm: 0.95 | dt: 1053ms | tok/sec: 62,235 | epoch: 1 | remaining: 142s    
step 00149 (52.8%) | loss: 5.865927 | lrm: 0.94 | dt: 1044ms | tok/sec: 62,790 | epoch: 1 | remaining: 141s    
step 00150 (53.2%) | loss: 5.854571 | lrm: 0.94 | dt: 1037ms | tok/sec: 63,195 | epoch: 1 | remaining: 139s    
step 00151 (53.5%) | loss: 5.845373 | lrm: 0.93 | dt: 1034ms | tok/sec: 63,357 | epoch: 1 | remaining: 138s    
step 00152 (53.8%) | loss: 5.835634 | lrm: 0.92 | dt: 1053ms | tok/sec: 62,217 | epoch: 1 | remaining: 137s    
step 00153 (54.2%) | loss: 5.822906 | lrm: 0.92 | dt: 1041ms | tok/sec: 62,976 | epoch: 1 | remaining: 136s    
step 00154 (54.5%) | loss: 5.811218 | lrm: 0.91 | dt: 1043ms | tok/sec: 62,863 | epoch: 1 | remaining: 135s    
step 00155 (54.9%) | loss: 5.805632 | lrm: 0.90 | dt: 1034ms | tok/sec: 63,379 | epoch: 1 | remaining: 134s    
step 00156 (55.2%) | loss: 5.789471 | lrm: 0.90 | dt: 1057ms | tok/sec: 61,985 | epoch: 1 | remaining: 133s    
step 00157 (55.6%) | loss: 5.779691 | lrm: 0.89 | dt: 1039ms | tok/sec: 63,061 | epoch: 1 | remaining: 132s    
step 00158 (55.9%) | loss: 5.775756 | lrm: 0.88 | dt: 1038ms | tok/sec: 63,166 | epoch: 1 | remaining: 131s    
step 00159 (56.3%) | loss: 5.766771 | lrm: 0.87 | dt: 1034ms | tok/sec: 63,386 | epoch: 1 | remaining: 130s    
step 00160 (56.6%) | loss: 5.757237 | lrm: 0.87 | dt: 1055ms | tok/sec: 62,131 | epoch: 1 | remaining: 129s    
step 00161 (57.0%) | loss: 5.751749 | lrm: 0.86 | dt: 1036ms | tok/sec: 63,266 | epoch: 1 | remaining: 128s    
step 00162 (57.3%) | loss: 5.741561 | lrm: 0.85 | dt: 1033ms | tok/sec: 63,421 | epoch: 1 | remaining: 127s    
step 00163 (57.7%) | loss: 5.737627 | lrm: 0.85 | dt: 1041ms | tok/sec: 62,973 | epoch: 1 | remaining: 126s    
step 00164 (58.0%) | loss: 5.725121 | lrm: 0.84 | dt: 1069ms | tok/sec: 61,283 | epoch: 1 | remaining: 125s    
step 00165 (58.4%) | loss: 5.725277 | lrm: 0.83 | dt: 1055ms | tok/sec: 62,118 | epoch: 1 | remaining: 124s    
step 00166 (58.7%) | loss: 5.720578 | lrm: 0.83 | dt: 1051ms | tok/sec: 62,362 | epoch: 1 | remaining: 123s    
step 00167 (59.1%) | loss: 5.709135 | lrm: 0.82 | dt: 1082ms | tok/sec: 60,571 | epoch: 1 | remaining: 122s    
step 00168 (59.4%) | loss: 5.712279 | lrm: 0.81 | dt: 1046ms | tok/sec: 62,641 | epoch: 1 | remaining: 121s    
step 00169 (59.8%) | loss: 5.709968 | lrm: 0.80 | dt: 1064ms | tok/sec: 61,612 | epoch: 1 | remaining: 120s    
step 00170 (60.1%) | loss: 5.710401 | lrm: 0.80 | dt: 1059ms | tok/sec: 61,867 | epoch: 1 | remaining: 119s    
step 00171 (60.5%) | loss: 5.708738 | lrm: 0.79 | dt: 1097ms | tok/sec: 59,756 | epoch: 1 | remaining: 117s    
step 00172 (60.9%) | loss: 5.696730 | lrm: 0.78 | dt: 1065ms | tok/sec: 61,514 | epoch: 1 | remaining: 116s    
step 00173 (61.2%) | loss: 5.694798 | lrm: 0.78 | dt: 1048ms | tok/sec: 62,519 | epoch: 1 | remaining: 115s    
step 00174 (61.6%) | loss: 5.681554 | lrm: 0.77 | dt: 1044ms | tok/sec: 62,762 | epoch: 1 | remaining: 114s    
step 00175 (61.9%) | loss: 5.670153 | lrm: 0.76 | dt: 1116ms | tok/sec: 58,732 | epoch: 1 | remaining: 113s    
step 00176 (62.3%) | loss: 5.661789 | lrm: 0.75 | dt: 1057ms | tok/sec: 62,030 | epoch: 1 | remaining: 112s    
step 00177 (62.6%) | loss: 5.648036 | lrm: 0.75 | dt: 1060ms | tok/sec: 61,842 | epoch: 1 | remaining: 111s    
step 00178 (63.0%) | loss: 5.646520 | lrm: 0.74 | dt: 1046ms | tok/sec: 62,670 | epoch: 1 | remaining: 110s    
step 00179 (63.3%) | loss: 5.632411 | lrm: 0.73 | dt: 1055ms | tok/sec: 62,119 | epoch: 1 | remaining: 109s    
step 00180 (63.7%) | loss: 5.627093 | lrm: 0.73 | dt: 1035ms | tok/sec: 63,330 | epoch: 1 | remaining: 108s    
step 00181 (64.0%) | loss: 5.623072 | lrm: 0.72 | dt: 1049ms | tok/sec: 62,448 | epoch: 1 | remaining: 107s    
step 00182 (64.4%) | loss: 5.617836 | lrm: 0.71 | dt: 1041ms | tok/sec: 62,937 | epoch: 1 | remaining: 106s    
step 00183 (64.7%) | loss: 5.618002 | lrm: 0.71 | dt: 1055ms | tok/sec: 62,133 | epoch: 1 | remaining: 105s    
step 00184 (65.1%) | loss: 5.609123 | lrm: 0.70 | dt: 1047ms | tok/sec: 62,602 | epoch: 1 | remaining: 104s    
step 00185 (65.4%) | loss: 5.602249 | lrm: 0.69 | dt: 1040ms | tok/sec: 63,027 | epoch: 1 | remaining: 103s    
step 00186 (65.8%) | loss: 5.595723 | lrm: 0.68 | dt: 1051ms | tok/sec: 62,344 | epoch: 1 | remaining: 102s    
step 00187 (66.1%) | loss: 5.595194 | lrm: 0.68 | dt: 1048ms | tok/sec: 62,557 | epoch: 1 | remaining: 101s    
step 00188 (66.5%) | loss: 5.591296 | lrm: 0.67 | dt: 1042ms | tok/sec: 62,880 | epoch: 1 | remaining: 100s    
step 00189 (66.8%) | loss: 5.584626 | lrm: 0.66 | dt: 1043ms | tok/sec: 62,816 | epoch: 1 | remaining: 98s    
step 00190 (67.2%) | loss: 5.577203 | lrm: 0.66 | dt: 1064ms | tok/sec: 61,618 | epoch: 1 | remaining: 97s    
step 00191 (67.5%) | loss: 5.572969 | lrm: 0.65 | dt: 1049ms | tok/sec: 62,482 | epoch: 1 | remaining: 96s    
step 00192 (67.9%) | loss: 5.565154 | lrm: 0.64 | dt: 1061ms | tok/sec: 61,767 | epoch: 1 | remaining: 95s    
step 00193 (68.2%) | loss: 5.570410 | lrm: 0.64 | dt: 1067ms | tok/sec: 61,427 | epoch: 1 | remaining: 94s    
step 00194 (68.6%) | loss: 5.556114 | lrm: 0.63 | dt: 1047ms | tok/sec: 62,616 | epoch: 1 | remaining: 93s    
step 00195 (68.9%) | loss: 5.543540 | lrm: 0.62 | dt: 1043ms | tok/sec: 62,819 | epoch: 1 | remaining: 92s    
step 00196 (69.3%) | loss: 5.532577 | lrm: 0.61 | dt: 1035ms | tok/sec: 63,319 | epoch: 1 | remaining: 91s    
step 00197 (69.6%) | loss: 5.519091 | lrm: 0.61 | dt: 1054ms | tok/sec: 62,177 | epoch: 1 | remaining: 90s    
step 00198 (70.0%) | loss: 5.506514 | lrm: 0.60 | dt: 1044ms | tok/sec: 62,789 | epoch: 1 | remaining: 89s    
step 00199 (70.3%) | loss: 5.498976 | lrm: 0.59 | dt: 1058ms | tok/sec: 61,944 | epoch: 1 | remaining: 88s    
step 00200 (70.7%) | loss: 5.495511 | lrm: 0.59 | dt: 1044ms | tok/sec: 62,794 | epoch: 1 | remaining: 87s    
step 00201 (71.0%) | loss: 5.494046 | lrm: 0.58 | dt: 1077ms | tok/sec: 60,846 | epoch: 1 | remaining: 86s    
step 00202 (71.4%) | loss: 5.483564 | lrm: 0.57 | dt: 1053ms | tok/sec: 62,264 | epoch: 1 | remaining: 85s    
step 00203 (71.7%) | loss: 5.486018 | lrm: 0.57 | dt: 1047ms | tok/sec: 62,582 | epoch: 1 | remaining: 84s    
step 00204 (72.1%) | loss: 5.483658 | lrm: 0.56 | dt: 1072ms | tok/sec: 61,136 | epoch: 1 | remaining: 83s    
step 00205 (72.4%) | loss: 5.477682 | lrm: 0.55 | dt: 1080ms | tok/sec: 60,653 | epoch: 1 | remaining: 82s    
step 00206 (72.8%) | loss: 5.466037 | lrm: 0.54 | dt: 1069ms | tok/sec: 61,325 | epoch: 1 | remaining: 81s    
step 00207 (73.2%) | loss: 5.453682 | lrm: 0.54 | dt: 1071ms | tok/sec: 61,206 | epoch: 1 | remaining: 79s    
step 00208 (73.5%) | loss: 5.453509 | lrm: 0.53 | dt: 1135ms | tok/sec: 57,718 | epoch: 1 | remaining: 78s    
step 00209 (73.9%) | loss: 5.446494 | lrm: 0.52 | dt: 1201ms | tok/sec: 54,579 | epoch: 1 | remaining: 77s    
step 00210 (74.3%) | loss: 5.441401 | lrm: 0.51 | dt: 1150ms | tok/sec: 57,010 | epoch: 1 | remaining: 76s    
step 00211 (74.7%) | loss: 5.434945 | lrm: 0.51 | dt: 1176ms | tok/sec: 55,707 | epoch: 1 | remaining: 75s    
step 00212 (75.1%) | loss: 5.428008 | lrm: 0.50 | dt: 1186ms | tok/sec: 55,244 | epoch: 1 | remaining: 74s    
step 00213 (75.5%) | loss: 5.422809 | lrm: 0.49 | dt: 1114ms | tok/sec: 58,805 | epoch: 1 | remaining: 73s    
step 00214 (75.8%) | loss: 5.414747 | lrm: 0.48 | dt: 1138ms | tok/sec: 57,588 | epoch: 1 | remaining: 71s    
step 00215 (76.2%) | loss: 5.410153 | lrm: 0.48 | dt: 1119ms | tok/sec: 58,551 | epoch: 1 | remaining: 70s    
step 00216 (76.6%) | loss: 5.410180 | lrm: 0.47 | dt: 1106ms | tok/sec: 59,240 | epoch: 1 | remaining: 69s    
step 00217 (77.0%) | loss: 5.406309 | lrm: 0.46 | dt: 1065ms | tok/sec: 61,561 | epoch: 1 | remaining: 68s    
step 00218 (77.3%) | loss: 5.399122 | lrm: 0.45 | dt: 1056ms | tok/sec: 62,034 | epoch: 1 | remaining: 67s    
step 00219 (77.7%) | loss: 5.383199 | lrm: 0.45 | dt: 1054ms | tok/sec: 62,188 | epoch: 1 | remaining: 66s    
step 00220 (78.0%) | loss: 5.374055 | lrm: 0.44 | dt: 1095ms | tok/sec: 59,848 | epoch: 1 | remaining: 65s    
step 00221 (78.4%) | loss: 5.372504 | lrm: 0.43 | dt: 1123ms | tok/sec: 58,380 | epoch: 1 | remaining: 64s    
step 00222 (78.8%) | loss: 5.365527 | lrm: 0.42 | dt: 1103ms | tok/sec: 59,429 | epoch: 1 | remaining: 63s    
step 00223 (79.1%) | loss: 5.352689 | lrm: 0.42 | dt: 1100ms | tok/sec: 59,567 | epoch: 1 | remaining: 62s    
step 00224 (79.5%) | loss: 5.359155 | lrm: 0.41 | dt: 1043ms | tok/sec: 62,814 | epoch: 1 | remaining: 60s    
step 00225 (79.8%) | loss: 5.350050 | lrm: 0.40 | dt: 1049ms | tok/sec: 62,444 | epoch: 1 | remaining: 59s    
step 00226 (80.2%) | loss: 5.343849 | lrm: 0.40 | dt: 1069ms | tok/sec: 61,309 | epoch: 1 | remaining: 58s    
step 00227 (80.5%) | loss: 5.339822 | lrm: 0.39 | dt: 1056ms | tok/sec: 62,073 | epoch: 1 | remaining: 57s    
step 00228 (80.9%) | loss: 5.335164 | lrm: 0.38 | dt: 1052ms | tok/sec: 62,275 | epoch: 1 | remaining: 56s    
step 00229 (81.2%) | loss: 5.329116 | lrm: 0.38 | dt: 1040ms | tok/sec: 63,013 | epoch: 1 | remaining: 55s    
step 00230 (81.6%) | loss: 5.319835 | lrm: 0.37 | dt: 1051ms | tok/sec: 62,368 | epoch: 1 | remaining: 54s    
step 00231 (81.9%) | loss: 5.320592 | lrm: 0.36 | dt: 1083ms | tok/sec: 60,519 | epoch: 1 | remaining: 53s    
step 00232 (82.3%) | loss: 5.315756 | lrm: 0.35 | dt: 1069ms | tok/sec: 61,302 | epoch: 1 | remaining: 52s    
step 00233 (82.7%) | loss: 5.311949 | lrm: 0.35 | dt: 1086ms | tok/sec: 60,327 | epoch: 1 | remaining: 51s    
step 00234 (83.0%) | loss: 5.304569 | lrm: 0.34 | dt: 1104ms | tok/sec: 59,382 | epoch: 1 | remaining: 50s    
step 00235 (83.4%) | loss: 5.292739 | lrm: 0.33 | dt: 1057ms | tok/sec: 62,020 | epoch: 1 | remaining: 49s    
step 00236 (83.7%) | loss: 5.283391 | lrm: 0.33 | dt: 1033ms | tok/sec: 63,449 | epoch: 1 | remaining: 48s    
step 00237 (84.1%) | loss: 5.286353 | lrm: 0.32 | dt: 1044ms | tok/sec: 62,782 | epoch: 1 | remaining: 47s    
step 00238 (84.4%) | loss: 5.288001 | lrm: 0.31 | dt: 1057ms | tok/sec: 62,008 | epoch: 1 | remaining: 46s    
step 00239 (84.8%) | loss: 5.279703 | lrm: 0.30 | dt: 1049ms | tok/sec: 62,476 | epoch: 1 | remaining: 45s    
step 00240 (85.1%) | loss: 5.270409 | lrm: 0.30 | dt: 1066ms | tok/sec: 61,477 | epoch: 1 | remaining: 44s    
step 00241 (85.5%) | loss: 5.265306 | lrm: 0.29 | dt: 1081ms | tok/sec: 60,637 | epoch: 1 | remaining: 42s    
step 00242 (85.8%) | loss: 5.258970 | lrm: 0.28 | dt: 1074ms | tok/sec: 61,033 | epoch: 1 | remaining: 41s    
step 00243 (86.2%) | loss: 5.252342 | lrm: 0.28 | dt: 1107ms | tok/sec: 59,210 | epoch: 1 | remaining: 40s    
step 00244 (86.6%) | loss: 5.241874 | lrm: 0.27 | dt: 1144ms | tok/sec: 57,269 | epoch: 1 | remaining: 39s    
step 00245 (87.0%) | loss: 5.241375 | lrm: 0.26 | dt: 1137ms | tok/sec: 57,636 | epoch: 1 | remaining: 38s    
step 00246 (87.3%) | loss: 5.232697 | lrm: 0.25 | dt: 1142ms | tok/sec: 57,411 | epoch: 1 | remaining: 37s    
step 00247 (87.7%) | loss: 5.228847 | lrm: 0.25 | dt: 1065ms | tok/sec: 61,510 | epoch: 1 | remaining: 36s    
step 00248 (88.1%) | loss: 5.215668 | lrm: 0.24 | dt: 1060ms | tok/sec: 61,798 | epoch: 1 | remaining: 35s    
step 00249 (88.4%) | loss: 5.212600 | lrm: 0.23 | dt: 1037ms | tok/sec: 63,218 | epoch: 1 | remaining: 34s    
step 00250 (88.8%) | loss: 5.206003 | lrm: 0.22 | dt: 1068ms | tok/sec: 61,341 | epoch: 1 | remaining: 33s    
step 00251 (89.1%) | loss: 5.205404 | lrm: 0.22 | dt: 1042ms | tok/sec: 62,896 | epoch: 1 | remaining: 32s    
step 00252 (89.5%) | loss: 5.203965 | lrm: 0.21 | dt: 1065ms | tok/sec: 61,526 | epoch: 1 | remaining: 31s    
step 00253 (89.8%) | loss: 5.198919 | lrm: 0.20 | dt: 1055ms | tok/sec: 62,139 | epoch: 1 | remaining: 29s    
step 00254 (90.2%) | loss: 5.196472 | lrm: 0.20 | dt: 1043ms | tok/sec: 62,822 | epoch: 1 | remaining: 28s    
step 00255 (90.5%) | loss: 5.190236 | lrm: 0.19 | dt: 1038ms | tok/sec: 63,153 | epoch: 1 | remaining: 27s    
step 00256 (90.9%) | loss: 5.178231 | lrm: 0.18 | dt: 1050ms | tok/sec: 62,432 | epoch: 1 | remaining: 26s    
step 00257 (91.2%) | loss: 5.177177 | lrm: 0.18 | dt: 1055ms | tok/sec: 62,116 | epoch: 1 | remaining: 25s    
step 00258 (91.6%) | loss: 5.171848 | lrm: 0.17 | dt: 1031ms | tok/sec: 63,556 | epoch: 1 | remaining: 24s    
step 00259 (91.9%) | loss: 5.163435 | lrm: 0.16 | dt: 1036ms | tok/sec: 63,266 | epoch: 1 | remaining: 23s    
step 00260 (92.3%) | loss: 5.176463 | lrm: 0.15 | dt: 1053ms | tok/sec: 62,212 | epoch: 1 | remaining: 22s    
step 00261 (92.6%) | loss: 5.180245 | lrm: 0.15 | dt: 1046ms | tok/sec: 62,662 | epoch: 1 | remaining: 21s    
step 00262 (93.0%) | loss: 5.172020 | lrm: 0.14 | dt: 1087ms | tok/sec: 60,279 | epoch: 1 | remaining: 20s    
step 00263 (93.3%) | loss: 5.165640 | lrm: 0.13 | dt: 1061ms | tok/sec: 61,782 | epoch: 1 | remaining: 19s    
step 00264 (93.7%) | loss: 5.167077 | lrm: 0.13 | dt: 1067ms | tok/sec: 61,430 | epoch: 1 | remaining: 18s    
step 00265 (94.0%) | loss: 5.163550 | lrm: 0.12 | dt: 1048ms | tok/sec: 62,541 | epoch: 1 | remaining: 17s    
step 00266 (94.4%) | loss: 5.159463 | lrm: 0.11 | dt: 1048ms | tok/sec: 62,562 | epoch: 1 | remaining: 16s    
step 00267 (94.7%) | loss: 5.152107 | lrm: 0.11 | dt: 1046ms | tok/sec: 62,670 | epoch: 1 | remaining: 15s    
step 00268 (95.1%) | loss: 5.141928 | lrm: 0.10 | dt: 1067ms | tok/sec: 61,401 | epoch: 1 | remaining: 14s    
step 00269 (95.4%) | loss: 5.143581 | lrm: 0.09 | dt: 1046ms | tok/sec: 62,673 | epoch: 1 | remaining: 13s    
step 00270 (95.8%) | loss: 5.141007 | lrm: 0.08 | dt: 1045ms | tok/sec: 62,695 | epoch: 1 | remaining: 12s    
step 00271 (96.1%) | loss: 5.140157 | lrm: 0.08 | dt: 1054ms | tok/sec: 62,158 | epoch: 1 | remaining: 11s    
step 00272 (96.5%) | loss: 5.139900 | lrm: 0.07 | dt: 1057ms | tok/sec: 62,027 | epoch: 1 | remaining: 9s    
step 00273 (96.8%) | loss: 5.136087 | lrm: 0.06 | dt: 1055ms | tok/sec: 62,109 | epoch: 1 | remaining: 8s    
step 00274 (97.2%) | loss: 5.135648 | lrm: 0.06 | dt: 1055ms | tok/sec: 62,122 | epoch: 1 | remaining: 7s    
step 00275 (97.5%) | loss: 5.132054 | lrm: 0.05 | dt: 1067ms | tok/sec: 61,401 | epoch: 1 | remaining: 6s    
step 00276 (97.9%) | loss: 5.120310 | lrm: 0.04 | dt: 1058ms | tok/sec: 61,960 | epoch: 1 | remaining: 5s    
step 00277 (98.3%) | loss: 5.117417 | lrm: 0.03 | dt: 1074ms | tok/sec: 60,994 | epoch: 1 | remaining: 4s    
step 00278 (98.6%) | loss: 5.111257 | lrm: 0.03 | dt: 1068ms | tok/sec: 61,368 | epoch: 1 | remaining: 3s    
step 00279 (99.0%) | loss: 5.109224 | lrm: 0.02 | dt: 1059ms | tok/sec: 61,860 | epoch: 1 | remaining: 2s    
step 00280 (99.3%) | loss: 5.105917 | lrm: 0.01 | dt: 1048ms | tok/sec: 62,505 | epoch: 1 | remaining: 1s    
step 00281 (99.7%) | loss: 5.100960 | lrm: 0.01 | dt: 1043ms | tok/sec: 62,826 | epoch: 1 | remaining: 0s    
Training completed in 300.6s
Starting final eval...
Final eval batch size: 256
Final eval completed in 8.1s
---
val_bpb:          1.803971
training_seconds: 300.0
total_seconds:    309.4
peak_vram_mb:     8600.2
mfu_percent:      0.00
total_tokens_M:   18.5
num_steps:        282
num_params_M:     11.5
depth:            4
  seed 2/3: val_bpb 1.803971
Data/tokenizer loaded in 0.1s
Time budget: 300s
Gradient accumulation steps: 2
Model compiled in 0.6s

step 00000 (0.0%) | loss: 9.011286 | lrm: 1.00 | dt: 1100ms | tok/sec: 59,601 | epoch: 1 | remaining: 300s    
step 00001 (0.0%) | loss: 9.019852 | lrm: 1.00 | dt: 1057ms | tok/sec: 61,983 | epoch: 1 | remaining: 299s    
step 00002 (0.4%) | loss: 8.699395 | lrm: 1.00 | dt: 1038ms | tok/sec: 63,118 | epoch: 1 | remaining: 298s    
step 00003 (0.7%) | loss: 8.424108 | lrm: 1.00 | dt: 1043ms | tok/sec: 62,837 | epoch: 1 | remaining: 297s    
step 00004 (1.0%) | loss: 8.219024 | lrm: 1.00 | dt: 1064ms | tok/sec: 61,605 | epoch: 1 | remaining: 296s    
step 00005 (1.4%) | loss: 8.068567 | lrm: 1.00 | dt: 1052ms | tok/sec: 62,292 | epoch: 1 | remaining: 295s    
step 00006 (1.8%) | loss: 7.965262 | lrm: 1.00 | dt: 1045ms | tok/sec: 62,684 | epoch: 1 | remaining: 294s    
step 00007 (2.1%) | loss: 7.885244 | lrm: 1.00 | dt: 1041ms | tok/sec: 62,963 | epoch: 1 | remaining: 293s    
step 00008 (2.4%) | loss: 7.823356 | lrm: 1.00 | dt: 1063ms | tok/sec: 61,661 | epoch: 1 | remaining: 292s    
step 00009 (2.8%) | loss: 7.762806 | lrm: 1.00 | dt: 1046ms | tok/sec: 62,633 | epoch: 1 | remaining: 291s    
step 00010 (3.1%) | loss: 7.705983 | lrm: 1.00 | dt: 1063ms | tok/sec: 61,639 | epoch: 1 | remaining: 289s    
step 00011 (3.5%) | loss: 7.661729 | lrm: 1.00 | dt: 1051ms | tok/sec: 62,361 | epoch: 1 | remaining: 288s    
step 00012 (3.9%) | loss: 7.628672 | lrm: 1.00 | dt: 1040ms | tok/sec: 63,035 | epoch: 1 | remaining: 287s    
step 00013 (4.2%) | loss: 7.605235 | lrm: 1.00 | dt: 1045ms | tok/sec: 62,690 | epoch: 1 | remaining: 286s    
step 00014 (4.5%) | loss: 7.575779 | lrm: 1.00 | dt: 1056ms | tok/sec: 62,065 | epoch: 1 | remaining: 285s    
step 00015 (4.9%) | loss: 7.549521 | lrm: 1.00 | dt: 1049ms | tok/sec: 62,454 | epoch: 1 | remaining: 284s    
step 00016 (5.3%) | loss: 7.526111 | lrm: 1.00 | dt: 1045ms | tok/sec: 62,718 | epoch: 1 | remaining: 283s    
step 00017 (5.6%) | loss: 7.508707 | lrm: 1.00 | dt: 1046ms | tok/sec: 62,676 | epoch: 1 | remaining: 282s    
step 00018 (5.9%) | loss: 7.490718 | lrm: 1.00 | dt: 1084ms | tok/sec: 60,463 | epoch: 1 | remaining: 281s    
step 00019 (6.3%) | loss: 7.464532 | lrm: 1.00 | dt: 1070ms | tok/sec: 61,245 | epoch: 1 | remaining: 280s    
step 00020 (6.7%) | loss: 7.442394 | lrm: 1.00 | dt: 1049ms | tok/sec: 62,483 | epoch: 1 | remaining: 279s    
step 00021 (7.0%) | loss: 7.417481 | lrm: 1.00 | dt: 1047ms | tok/sec: 62,613 | epoch: 1 | remaining: 278s    
step 00022 (7.4%) | loss: 7.401695 | lrm: 1.00 | dt: 1057ms | tok/sec: 61,982 | epoch: 1 | remaining: 277s    
step 00023 (7.7%) | loss: 7.387825 | lrm: 1.00 | dt: 1055ms | tok/sec: 62,103 | epoch: 1 | remaining: 276s    
step 00024 (8.1%) | loss: 7.379551 | lrm: 1.00 | dt: 1052ms | tok/sec: 62,296 | epoch: 1 | remaining: 275s    
step 00025 (8.4%) | loss: 7.371848 | lrm: 1.00 | dt: 1046ms | tok/sec: 62,644 | epoch: 1 | remaining: 274s    
step 00026 (8.8%) | loss: 7.359119 | lrm: 1.00 | dt: 1059ms | tok/sec: 61,868 | epoch: 1 | remaining: 273s    
step 00027 (9.1%) | loss: 7.345497 | lrm: 1.00 | dt: 1056ms | tok/sec: 62,068 | epoch: 1 | remaining: 272s    
step 00028 (9.5%) | loss: 7.326476 | lrm: 1.00 | dt: 1054ms | tok/sec: 62,149 | epoch: 1 | remaining: 271s    
step 00029 (9.8%) | loss: 7.297892 | lrm: 1.00 | dt: 1096ms | tok/sec: 59,806 | epoch: 1 | remaining: 269s    
step 00030 (10.2%) | loss: 7.279539 | lrm: 1.00 | dt: 1056ms | tok/sec: 62,064 | epoch: 1 | remaining: 268s    
step 00031 (10.5%) | loss: 7.264450 | lrm: 1.00 | dt: 1061ms | tok/sec: 61,780 | epoch: 1 | remaining: 267s    
step 00032 (10.9%) | loss: 7.248339 | lrm: 1.00 | dt: 1051ms | tok/sec: 62,359 | epoch: 1 | remaining: 266s    
step 00033 (11.2%) | loss: 7.227092 | lrm: 1.00 | dt: 1057ms | tok/sec: 61,988 | epoch: 1 | remaining: 265s    
step 00034 (11.6%) | loss: 7.205948 | lrm: 1.00 | dt: 1069ms | tok/sec: 61,297 | epoch: 1 | remaining: 264s    
step 00035 (12.0%) | loss: 7.175732 | lrm: 1.00 | dt: 1042ms | tok/sec: 62,878 | epoch: 1 | remaining: 263s    
step 00036 (12.3%) | loss: 7.149344 | lrm: 1.00 | dt: 1050ms | tok/sec: 62,388 | epoch: 1 | remaining: 262s    
step 00037 (12.7%) | loss: 7.124059 | lrm: 1.00 | dt: 1081ms | tok/sec: 60,597 | epoch: 1 | remaining: 261s    
step 00038 (13.0%) | loss: 7.097036 | lrm: 1.00 | dt: 1060ms | tok/sec: 61,830 | epoch: 1 | remaining: 260s    
step 00039 (13.4%) | loss: 7.067226 | lrm: 1.00 | dt: 1041ms | tok/sec: 62,965 | epoch: 1 | remaining: 259s    
step 00040 (13.7%) | loss: 7.042939 | lrm: 1.00 | dt: 1044ms | tok/sec: 62,795 | epoch: 1 | remaining: 258s    
step 00041 (14.1%) | loss: 7.024682 | lrm: 1.00 | dt: 1036ms | tok/sec: 63,258 | epoch: 1 | remaining: 257s    
step 00042 (14.4%) | loss: 7.001974 | lrm: 1.00 | dt: 1055ms | tok/sec: 62,130 | epoch: 1 | remaining: 256s    
step 00043 (14.8%) | loss: 6.981708 | lrm: 1.00 | dt: 1058ms | tok/sec: 61,927 | epoch: 1 | remaining: 255s    
step 00044 (15.1%) | loss: 6.961602 | lrm: 1.00 | dt: 1059ms | tok/sec: 61,863 | epoch: 1 | remaining: 254s    
step 00045 (15.5%) | loss: 6.936878 | lrm: 1.00 | dt: 1107ms | tok/sec: 59,219 | epoch: 1 | remaining: 253s    
step 00046 (15.8%) | loss: 6.910588 | lrm: 1.00 | dt: 1101ms | tok/sec: 59,503 | epoch: 1 | remaining: 251s    
step 00047 (16.2%) | loss: 6.883009 | lrm: 1.00 | dt: 1093ms | tok/sec: 59,984 | epoch: 1 | remaining: 250s    
step 00048 (16.6%) | loss: 6.855447 | lrm: 1.00 | dt: 1052ms | tok/sec: 62,267 | epoch: 1 | remaining: 249s    
step 00049 (16.9%) | loss: 6.826430 | lrm: 1.00 | dt: 1123ms | tok/sec: 58,371 | epoch: 1 | remaining: 248s    
step 00050 (17.3%) | loss: 6.803260 | lrm: 1.00 | dt: 1072ms | tok/sec: 61,119 | epoch: 1 | remaining: 247s    
step 00051 (17.6%) | loss: 6.775816 | lrm: 1.00 | dt: 1046ms | tok/sec: 62,656 | epoch: 1 | remaining: 246s    
step 00052 (18.0%) | loss: 6.757851 | lrm: 1.00 | dt: 1067ms | tok/sec: 61,405 | epoch: 1 | remaining: 245s    
step 00053 (18.4%) | loss: 6.736329 | lrm: 1.00 | dt: 1080ms | tok/sec: 60,665 | epoch: 1 | remaining: 244s    
step 00054 (18.7%) | loss: 6.722220 | lrm: 1.00 | dt: 1053ms | tok/sec: 62,234 | epoch: 1 | remaining: 243s    
step 00055 (19.1%) | loss: 6.712502 | lrm: 1.00 | dt: 1051ms | tok/sec: 62,377 | epoch: 1 | remaining: 242s    
step 00056 (19.4%) | loss: 6.710665 | lrm: 1.00 | dt: 1060ms | tok/sec: 61,847 | epoch: 1 | remaining: 241s    
step 00057 (19.8%) | loss: 6.706624 | lrm: 1.00 | dt: 1058ms | tok/sec: 61,964 | epoch: 1 | remaining: 240s    
step 00058 (20.1%) | loss: 6.687071 | lrm: 1.00 | dt: 1054ms | tok/sec: 62,181 | epoch: 1 | remaining: 239s    
step 00059 (20.5%) | loss: 6.681351 | lrm: 1.00 | dt: 1051ms | tok/sec: 62,372 | epoch: 1 | remaining: 238s    
step 00060 (20.8%) | loss: 6.663321 | lrm: 1.00 | dt: 1062ms | tok/sec: 61,718 | epoch: 1 | remaining: 236s    
step 00061 (21.2%) | loss: 6.649777 | lrm: 1.00 | dt: 1055ms | tok/sec: 62,120 | epoch: 1 | remaining: 235s    
step 00062 (21.5%) | loss: 6.632986 | lrm: 1.00 | dt: 1048ms | tok/sec: 62,514 | epoch: 1 | remaining: 234s    
step 00063 (21.9%) | loss: 6.620614 | lrm: 1.00 | dt: 1062ms | tok/sec: 61,734 | epoch: 1 | remaining: 233s    
step 00064 (22.2%) | loss: 6.602213 | lrm: 1.00 | dt: 1100ms | tok/sec: 59,593 | epoch: 1 | remaining: 232s    
step 00065 (22.6%) | loss: 6.587779 | lrm: 1.00 | dt: 1081ms | tok/sec: 60,640 | epoch: 1 | remaining: 231s    
step 00066 (23.0%) | loss: 6.572723 | lrm: 1.00 | dt: 1070ms | tok/sec: 61,246 | epoch: 1 | remaining: 230s    
step 00067 (23.3%) | loss: 6.561238 | lrm: 1.00 | dt: 1064ms | tok/sec: 61,607 | epoch: 1 | remaining: 229s    
step 00068 (23.7%) | loss: 6.552443 | lrm: 1.00 | dt: 1071ms | tok/sec: 61,205 | epoch: 1 | remaining: 228s    
step 00069 (24.0%) | loss: 6.541578 | lrm: 1.00 | dt: 1088ms | tok/sec: 60,244 | epoch: 1 | remaining: 227s    
step 00070 (24.4%) | loss: 6.526545 | lrm: 1.00 | dt: 1059ms | tok/sec: 61,903 | epoch: 1 | remaining: 226s    
step 00071 (24.7%) | loss: 6.513168 | lrm: 1.00 | dt: 1094ms | tok/sec: 59,922 | epoch: 1 | remaining: 225s    
step 00072 (25.1%) | loss: 6.496764 | lrm: 1.00 | dt: 1070ms | tok/sec: 61,225 | epoch: 1 | remaining: 224s    
step 00073 (25.5%) | loss: 6.483413 | lrm: 1.00 | dt: 1056ms | tok/sec: 62,049 | epoch: 1 | remaining: 223s    
step 00074 (25.8%) | loss: 6.478464 | lrm: 1.00 | dt: 1051ms | tok/sec: 62,354 | epoch: 1 | remaining: 222s    
step 00075 (26.2%) | loss: 6.461721 | lrm: 1.00 | dt: 1060ms | tok/sec: 61,826 | epoch: 1 | remaining: 220s    
step 00076 (26.5%) | loss: 6.443754 | lrm: 1.00 | dt: 1051ms | tok/sec: 62,347 | epoch: 1 | remaining: 219s    
step 00077 (26.9%) | loss: 6.431716 | lrm: 1.00 | dt: 1041ms | tok/sec: 62,959 | epoch: 1 | remaining: 218s    
step 00078 (27.2%) | loss: 6.420892 | lrm: 1.00 | dt: 1044ms | tok/sec: 62,796 | epoch: 1 | remaining: 217s    
step 00079 (27.6%) | loss: 6.406472 | lrm: 1.00 | dt: 1061ms | tok/sec: 61,763 | epoch: 1 | remaining: 216s    
step 00080 (27.9%) | loss: 6.397087 | lrm: 1.00 | dt: 1079ms | tok/sec: 60,751 | epoch: 1 | remaining: 215s    
step 00081 (28.3%) | loss: 6.377976 | lrm: 1.00 | dt: 1067ms | tok/sec: 61,404 | epoch: 1 | remaining: 214s    
step 00082 (28.6%) | loss: 6.366559 | lrm: 1.00 | dt: 1052ms | tok/sec: 62,281 | epoch: 1 | remaining: 213s    
step 00083 (29.0%) | loss: 6.358386 | lrm: 1.00 | dt: 1064ms | tok/sec: 61,618 | epoch: 1 | remaining: 212s    
step 00084 (29.3%) | loss: 6.345798 | lrm: 1.00 | dt: 1071ms | tok/sec: 61,172 | epoch: 1 | remaining: 211s    
step 00085 (29.7%) | loss: 6.335119 | lrm: 1.00 | dt: 1115ms | tok/sec: 58,769 | epoch: 1 | remaining: 210s    
step 00086 (30.1%) | loss: 6.315836 | lrm: 1.00 | dt: 1083ms | tok/sec: 60,529 | epoch: 1 | remaining: 209s    
step 00087 (30.4%) | loss: 6.299085 | lrm: 1.00 | dt: 1128ms | tok/sec: 58,108 | epoch: 1 | remaining: 208s    
step 00088 (30.8%) | loss: 6.284816 | lrm: 1.00 | dt: 1052ms | tok/sec: 62,320 | epoch: 1 | remaining: 207s    
step 00089 (31.2%) | loss: 6.272823 | lrm: 1.00 | dt: 1055ms | tok/sec: 62,126 | epoch: 1 | remaining: 205s    
step 00090 (31.5%) | loss: 6.265478 | lrm: 1.00 | dt: 1057ms | tok/sec: 62,020 | epoch: 1 | remaining: 204s    
step 00091 (31.9%) | loss: 6.256484 | lrm: 1.00 | dt: 1059ms | tok/sec: 61,907 | epoch: 1 | remaining: 203s    
step 00092 (32.2%) | loss: 6.254201 | lrm: 1.00 | dt: 1052ms | tok/sec: 62,310 | epoch: 1 | remaining: 202s    
step 00093 (32.6%) | loss: 6.249212 | lrm: 1.00 | dt: 1045ms | tok/sec: 62,685 | epoch: 1 | remaining: 201s    
step 00094 (32.9%) | loss: 6.244753 | lrm: 1.00 | dt: 1050ms | tok/sec: 62,438 | epoch: 1 | remaining: 200s    
step 00095 (33.3%) | loss: 6.237563 | lrm: 1.00 | dt: 1051ms | tok/sec: 62,378 | epoch: 1 | remaining: 199s    
step 00096 (33.6%) | loss: 6.233413 | lrm: 1.00 | dt: 1042ms | tok/sec: 62,890 | epoch: 1 | remaining: 198s    
step 00097 (34.0%) | loss: 6.222692 | lrm: 1.00 | dt: 1045ms | tok/sec: 62,713 | epoch: 1 | remaining: 197s    
step 00098 (34.3%) | loss: 6.209611 | lrm: 1.00 | dt: 1071ms | tok/sec: 61,182 | epoch: 1 | remaining: 196s    
step 00099 (34.7%) | loss: 6.206891 | lrm: 1.00 | dt: 1043ms | tok/sec: 62,818 | epoch: 1 | remaining: 195s    
step 00100 (35.0%) | loss: 6.196504 | lrm: 1.00 | dt: 1054ms | tok/sec: 62,185 | epoch: 1 | remaining: 194s    
step 00101 (35.4%) | loss: 6.192174 | lrm: 1.00 | dt: 1053ms | tok/sec: 62,239 | epoch: 1 | remaining: 193s    
step 00102 (35.7%) | loss: 6.184935 | lrm: 1.00 | dt: 1084ms | tok/sec: 60,453 | epoch: 1 | remaining: 192s    
step 00103 (36.1%) | loss: 6.168424 | lrm: 1.00 | dt: 1049ms | tok/sec: 62,447 | epoch: 1 | remaining: 191s    
step 00104 (36.4%) | loss: 6.164050 | lrm: 1.00 | dt: 1055ms | tok/sec: 62,122 | epoch: 1 | remaining: 190s    
step 00105 (36.8%) | loss: 6.150336 | lrm: 1.00 | dt: 1065ms | tok/sec: 61,515 | epoch: 1 | remaining: 189s    
step 00106 (37.1%) | loss: 6.143733 | lrm: 1.00 | dt: 1074ms | tok/sec: 61,033 | epoch: 1 | remaining: 188s    
step 00107 (37.5%) | loss: 6.129803 | lrm: 1.00 | dt: 1049ms | tok/sec: 62,462 | epoch: 1 | remaining: 186s    
step 00108 (37.8%) | loss: 6.117193 | lrm: 1.00 | dt: 1055ms | tok/sec: 62,122 | epoch: 1 | remaining: 185s    
step 00109 (38.2%) | loss: 6.101985 | lrm: 1.00 | dt: 1058ms | tok/sec: 61,924 | epoch: 1 | remaining: 184s    
step 00110 (38.5%) | loss: 6.086202 | lrm: 1.00 | dt: 1065ms | tok/sec: 61,513 | epoch: 1 | remaining: 183s    
step 00111 (38.9%) | loss: 6.070043 | lrm: 1.00 | dt: 1046ms | tok/sec: 62,624 | epoch: 1 | remaining: 182s    
step 00112 (39.2%) | loss: 6.060189 | lrm: 1.00 | dt: 1053ms | tok/sec: 62,256 | epoch: 1 | remaining: 181s    
step 00113 (39.6%) | loss: 6.050869 | lrm: 1.00 | dt: 1072ms | tok/sec: 61,108 | epoch: 1 | remaining: 180s    
step 00114 (40.0%) | loss: 6.044824 | lrm: 1.00 | dt: 1064ms | tok/sec: 61,596 | epoch: 1 | remaining: 179s    
step 00115 (40.3%) | loss: 6.041236 | lrm: 1.00 | dt: 1055ms | tok/sec: 62,127 | epoch: 1 | remaining: 178s    
step 00116 (40.7%) | loss: 6.029967 | lrm: 1.00 | dt: 1046ms | tok/sec: 62,629 | epoch: 1 | remaining: 177s    
step 00117 (41.0%) | loss: 6.020131 | lrm: 1.00 | dt: 1065ms | tok/sec: 61,551 | epoch: 1 | remaining: 176s    
step 00118 (41.4%) | loss: 6.013505 | lrm: 1.00 | dt: 1064ms | tok/sec: 61,601 | epoch: 1 | remaining: 175s    
step 00119 (41.7%) | loss: 6.007740 | lrm: 1.00 | dt: 1047ms | tok/sec: 62,603 | epoch: 1 | remaining: 174s    
step 00120 (42.1%) | loss: 5.994790 | lrm: 1.00 | dt: 1051ms | tok/sec: 62,355 | epoch: 1 | remaining: 173s    
step 00121 (42.4%) | loss: 5.985677 | lrm: 1.00 | dt: 1055ms | tok/sec: 62,127 | epoch: 1 | remaining: 172s    
step 00122 (42.8%) | loss: 5.975602 | lrm: 1.00 | dt: 1059ms | tok/sec: 61,871 | epoch: 1 | remaining: 171s    
step 00123 (43.1%) | loss: 5.971203 | lrm: 1.00 | dt: 1054ms | tok/sec: 62,154 | epoch: 1 | remaining: 170s    
step 00124 (43.5%) | loss: 5.967860 | lrm: 1.00 | dt: 1068ms | tok/sec: 61,376 | epoch: 1 | remaining: 169s    
step 00125 (43.8%) | loss: 5.963032 | lrm: 1.00 | dt: 1049ms | tok/sec: 62,502 | epoch: 1 | remaining: 167s    
step 00126 (44.2%) | loss: 5.962974 | lrm: 1.00 | dt: 1055ms | tok/sec: 62,147 | epoch: 1 | remaining: 166s    
step 00127 (44.5%) | loss: 5.953877 | lrm: 1.00 | dt: 1059ms | tok/sec: 61,884 | epoch: 1 | remaining: 165s    
step 00128 (44.9%) | loss: 5.949700 | lrm: 1.00 | dt: 1059ms | tok/sec: 61,885 | epoch: 1 | remaining: 164s    
step 00129 (45.2%) | loss: 5.933264 | lrm: 1.00 | dt: 1044ms | tok/sec: 62,800 | epoch: 1 | remaining: 163s    
step 00130 (45.6%) | loss: 5.924255 | lrm: 1.00 | dt: 1081ms | tok/sec: 60,623 | epoch: 1 | remaining: 162s    
step 00131 (45.9%) | loss: 5.907592 | lrm: 1.00 | dt: 1065ms | tok/sec: 61,530 | epoch: 1 | remaining: 161s    
step 00132 (46.3%) | loss: 5.896602 | lrm: 1.00 | dt: 1041ms | tok/sec: 62,945 | epoch: 1 | remaining: 160s    
step 00133 (46.6%) | loss: 5.886994 | lrm: 1.00 | dt: 1044ms | tok/sec: 62,782 | epoch: 1 | remaining: 159s    
step 00134 (47.0%) | loss: 5.878062 | lrm: 1.00 | dt: 1056ms | tok/sec: 62,033 | epoch: 1 | remaining: 158s    
step 00135 (47.3%) | loss: 5.863962 | lrm: 1.00 | dt: 1054ms | tok/sec: 62,169 | epoch: 1 | remaining: 157s    
step 00136 (47.7%) | loss: 5.851136 | lrm: 1.00 | dt: 1041ms | tok/sec: 62,970 | epoch: 1 | remaining: 156s    
step 00137 (48.0%) | loss: 5.849088 | lrm: 1.00 | dt: 1052ms | tok/sec: 62,281 | epoch: 1 | remaining: 155s    
step 00138 (48.4%) | loss: 5.839507 | lrm: 1.00 | dt: 1071ms | tok/sec: 61,192 | epoch: 1 | remaining: 154s    
step 00139 (48.8%) | loss: 5.837665 | lrm: 1.00 | dt: 1072ms | tok/sec: 61,131 | epoch: 1 | remaining: 153s    
step 00140 (49.1%) | loss: 5.826633 | lrm: 1.00 | dt: 1050ms | tok/sec: 62,444 | epoch: 1 | remaining: 152s    
step 00141 (49.5%) | loss: 5.819764 | lrm: 1.00 | dt: 1051ms | tok/sec: 62,361 | epoch: 1 | remaining: 151s    
step 00142 (49.8%) | loss: 5.805587 | lrm: 1.00 | dt: 1076ms | tok/sec: 60,935 | epoch: 1 | remaining: 149s    
step 00143 (50.2%) | loss: 5.792764 | lrm: 1.00 | dt: 1049ms | tok/sec: 62,502 | epoch: 1 | remaining: 148s    
step 00144 (50.5%) | loss: 5.785673 | lrm: 0.99 | dt: 1050ms | tok/sec: 62,408 | epoch: 1 | remaining: 147s    
step 00145 (50.9%) | loss: 5.777377 | lrm: 0.98 | dt: 1043ms | tok/sec: 62,817 | epoch: 1 | remaining: 146s    
step 00146 (51.2%) | loss: 5.766894 | lrm: 0.98 | dt: 1059ms | tok/sec: 61,865 | epoch: 1 | remaining: 145s    
step 00147 (51.6%) | loss: 5.767239 | lrm: 0.97 | dt: 1039ms | tok/sec: 63,104 | epoch: 1 | remaining: 144s    
step 00148 (51.9%) | loss: 5.765059 | lrm: 0.96 | dt: 1044ms | tok/sec: 62,751 | epoch: 1 | remaining: 143s    
step 00149 (52.3%) | loss: 5.762063 | lrm: 0.95 | dt: 1049ms | tok/sec: 62,490 | epoch: 1 | remaining: 142s    
step 00150 (52.6%) | loss: 5.748163 | lrm: 0.95 | dt: 1072ms | tok/sec: 61,126 | epoch: 1 | remaining: 141s    
step 00151 (53.0%) | loss: 5.737575 | lrm: 0.94 | dt: 1056ms | tok/sec: 62,071 | epoch: 1 | remaining: 140s    
step 00152 (53.3%) | loss: 5.727547 | lrm: 0.93 | dt: 1061ms | tok/sec: 61,778 | epoch: 1 | remaining: 139s    
step 00153 (53.7%) | loss: 5.714986 | lrm: 0.93 | dt: 1056ms | tok/sec: 62,070 | epoch: 1 | remaining: 138s    
step 00154 (54.0%) | loss: 5.702271 | lrm: 0.92 | dt: 1067ms | tok/sec: 61,444 | epoch: 1 | remaining: 137s    
step 00155 (54.4%) | loss: 5.699064 | lrm: 0.91 | dt: 1057ms | tok/sec: 61,987 | epoch: 1 | remaining: 136s    
step 00156 (54.7%) | loss: 5.683608 | lrm: 0.91 | dt: 1062ms | tok/sec: 61,722 | epoch: 1 | remaining: 135s    
step 00157 (55.1%) | loss: 5.673742 | lrm: 0.90 | dt: 1072ms | tok/sec: 61,159 | epoch: 1 | remaining: 134s    
step 00158 (55.4%) | loss: 5.668090 | lrm: 0.89 | dt: 1050ms | tok/sec: 62,441 | epoch: 1 | remaining: 133s    
step 00159 (55.8%) | loss: 5.655777 | lrm: 0.88 | dt: 1048ms | tok/sec: 62,524 | epoch: 1 | remaining: 132s    
step 00160 (56.1%) | loss: 5.644233 | lrm: 0.88 | dt: 1062ms | tok/sec: 61,711 | epoch: 1 | remaining: 131s    
step 00161 (56.5%) | loss: 5.639006 | lrm: 0.87 | dt: 1076ms | tok/sec: 60,885 | epoch: 1 | remaining: 129s    
step 00162 (56.9%) | loss: 5.627303 | lrm: 0.86 | dt: 1051ms | tok/sec: 62,344 | epoch: 1 | remaining: 128s    
step 00163 (57.2%) | loss: 5.621461 | lrm: 0.86 | dt: 1050ms | tok/sec: 62,386 | epoch: 1 | remaining: 127s    
step 00164 (57.6%) | loss: 5.607472 | lrm: 0.85 | dt: 1055ms | tok/sec: 62,134 | epoch: 1 | remaining: 126s    
step 00165 (57.9%) | loss: 5.606044 | lrm: 0.84 | dt: 1059ms | tok/sec: 61,880 | epoch: 1 | remaining: 125s    
step 00166 (58.3%) | loss: 5.597855 | lrm: 0.83 | dt: 1044ms | tok/sec: 62,803 | epoch: 1 | remaining: 124s    
step 00167 (58.6%) | loss: 5.585125 | lrm: 0.83 | dt: 1046ms | tok/sec: 62,668 | epoch: 1 | remaining: 123s    
step 00168 (59.0%) | loss: 5.585709 | lrm: 0.82 | dt: 1044ms | tok/sec: 62,772 | epoch: 1 | remaining: 122s    
step 00169 (59.3%) | loss: 5.581252 | lrm: 0.81 | dt: 1053ms | tok/sec: 62,244 | epoch: 1 | remaining: 121s    
step 00170 (59.7%) | loss: 5.581470 | lrm: 0.81 | dt: 1054ms | tok/sec: 62,180 | epoch: 1 | remaining: 120s    
step 00171 (60.0%) | loss: 5.578672 | lrm: 0.80 | dt: 1063ms | tok/sec: 61,650 | epoch: 1 | remaining: 119s    
step 00172 (60.4%) | loss: 5.564362 | lrm: 0.79 | dt: 1061ms | tok/sec: 61,782 | epoch: 1 | remaining: 118s    
step 00173 (60.7%) | loss: 5.559486 | lrm: 0.79 | dt: 1054ms | tok/sec: 62,157 | epoch: 1 | remaining: 117s    
step 00174 (61.1%) | loss: 5.541862 | lrm: 0.78 | dt: 1050ms | tok/sec: 62,405 | epoch: 1 | remaining: 116s    
step 00175 (61.4%) | loss: 5.526697 | lrm: 0.77 | dt: 1053ms | tok/sec: 62,209 | epoch: 1 | remaining: 115s    
step 00176 (61.8%) | loss: 5.517909 | lrm: 0.76 | dt: 1060ms | tok/sec: 61,841 | epoch: 1 | remaining: 114s    
step 00177 (62.1%) | loss: 5.502315 | lrm: 0.76 | dt: 1060ms | tok/sec: 61,833 | epoch: 1 | remaining: 113s    
step 00178 (62.5%) | loss: 5.501008 | lrm: 0.75 | dt: 1047ms | tok/sec: 62,574 | epoch: 1 | remaining: 112s    
step 00179 (62.8%) | loss: 5.482939 | lrm: 0.74 | dt: 1049ms | tok/sec: 62,445 | epoch: 1 | remaining: 110s    
step 00180 (63.2%) | loss: 5.476099 | lrm: 0.74 | dt: 1058ms | tok/sec: 61,930 | epoch: 1 | remaining: 109s    
step 00181 (63.5%) | loss: 5.472201 | lrm: 0.73 | dt: 1069ms | tok/sec: 61,329 | epoch: 1 | remaining: 108s    
step 00182 (63.9%) | loss: 5.466296 | lrm: 0.72 | dt: 1109ms | tok/sec: 59,113 | epoch: 1 | remaining: 107s    
step 00183 (64.3%) | loss: 5.462589 | lrm: 0.71 | dt: 1106ms | tok/sec: 59,274 | epoch: 1 | remaining: 106s    
step 00184 (64.6%) | loss: 5.451876 | lrm: 0.71 | dt: 1145ms | tok/sec: 57,249 | epoch: 1 | remaining: 105s    
step 00185 (65.0%) | loss: 5.444078 | lrm: 0.70 | dt: 1114ms | tok/sec: 58,823 | epoch: 1 | remaining: 104s    
step 00186 (65.4%) | loss: 5.435407 | lrm: 0.69 | dt: 1083ms | tok/sec: 60,538 | epoch: 1 | remaining: 103s    
step 00187 (65.7%) | loss: 5.433815 | lrm: 0.69 | dt: 1070ms | tok/sec: 61,272 | epoch: 1 | remaining: 102s    
step 00188 (66.1%) | loss: 5.426805 | lrm: 0.68 | dt: 1061ms | tok/sec: 61,769 | epoch: 1 | remaining: 101s    
step 00189 (66.4%) | loss: 5.420645 | lrm: 0.67 | dt: 1059ms | tok/sec: 61,869 | epoch: 1 | remaining: 100s    
step 00190 (66.8%) | loss: 5.413746 | lrm: 0.66 | dt: 1071ms | tok/sec: 61,184 | epoch: 1 | remaining: 99s    
step 00191 (67.2%) | loss: 5.408263 | lrm: 0.66 | dt: 1046ms | tok/sec: 62,656 | epoch: 1 | remaining: 97s    
step 00192 (67.5%) | loss: 5.400153 | lrm: 0.65 | dt: 1089ms | tok/sec: 60,197 | epoch: 1 | remaining: 96s    
step 00193 (67.9%) | loss: 5.404276 | lrm: 0.64 | dt: 1076ms | tok/sec: 60,915 | epoch: 1 | remaining: 95s    
step 00194 (68.2%) | loss: 5.387891 | lrm: 0.64 | dt: 1050ms | tok/sec: 62,401 | epoch: 1 | remaining: 94s    
step 00195 (68.6%) | loss: 5.373048 | lrm: 0.63 | dt: 1044ms | tok/sec: 62,770 | epoch: 1 | remaining: 93s    
step 00196 (68.9%) | loss: 5.359606 | lrm: 0.62 | dt: 1063ms | tok/sec: 61,629 | epoch: 1 | remaining: 92s    
step 00197 (69.3%) | loss: 5.342870 | lrm: 0.61 | dt: 1047ms | tok/sec: 62,613 | epoch: 1 | remaining: 91s    
step 00198 (69.6%) | loss: 5.328328 | lrm: 0.61 | dt: 1048ms | tok/sec: 62,504 | epoch: 1 | remaining: 90s    
step 00199 (70.0%) | loss: 5.317813 | lrm: 0.60 | dt: 1049ms | tok/sec: 62,502 | epoch: 1 | remaining: 89s    
step 00200 (70.3%) | loss: 5.311251 | lrm: 0.59 | dt: 1063ms | tok/sec: 61,644 | epoch: 1 | remaining: 88s    
step 00201 (70.7%) | loss: 5.308241 | lrm: 0.59 | dt: 1037ms | tok/sec: 63,187 | epoch: 1 | remaining: 87s    
step 00202 (71.0%) | loss: 5.295717 | lrm: 0.58 | dt: 1047ms | tok/sec: 62,573 | epoch: 1 | remaining: 86s    
step 00203 (71.4%) | loss: 5.299367 | lrm: 0.57 | dt: 1052ms | tok/sec: 62,311 | epoch: 1 | remaining: 85s    
step 00204 (71.7%) | loss: 5.294549 | lrm: 0.57 | dt: 1061ms | tok/sec: 61,771 | epoch: 1 | remaining: 84s    
step 00205 (72.1%) | loss: 5.288030 | lrm: 0.56 | dt: 1041ms | tok/sec: 62,926 | epoch: 1 | remaining: 83s    
step 00206 (72.4%) | loss: 5.274718 | lrm: 0.55 | dt: 1045ms | tok/sec: 62,709 | epoch: 1 | remaining: 82s    
step 00207 (72.8%) | loss: 5.260694 | lrm: 0.54 | dt: 1064ms | tok/sec: 61,566 | epoch: 1 | remaining: 81s    
step 00208 (73.1%) | loss: 5.258789 | lrm: 0.54 | dt: 1050ms | tok/sec: 62,387 | epoch: 1 | remaining: 80s    
step 00209 (73.5%) | loss: 5.251048 | lrm: 0.53 | dt: 1046ms | tok/sec: 62,680 | epoch: 1 | remaining: 79s    
step 00210 (73.8%) | loss: 5.244215 | lrm: 0.52 | dt: 1035ms | tok/sec: 63,320 | epoch: 1 | remaining: 77s    
step 00211 (74.2%) | loss: 5.236602 | lrm: 0.52 | dt: 1058ms | tok/sec: 61,928 | epoch: 1 | remaining: 76s    
step 00212 (74.5%) | loss: 5.228254 | lrm: 0.51 | dt: 1054ms | tok/sec: 62,190 | epoch: 1 | remaining: 75s    
step 00213 (74.9%) | loss: 5.223828 | lrm: 0.50 | dt: 1043ms | tok/sec: 62,818 | epoch: 1 | remaining: 74s    
step 00214 (75.2%) | loss: 5.217009 | lrm: 0.50 | dt: 1048ms | tok/sec: 62,547 | epoch: 1 | remaining: 73s    
step 00215 (75.6%) | loss: 5.211684 | lrm: 0.49 | dt: 1057ms | tok/sec: 62,027 | epoch: 1 | remaining: 72s    
step 00216 (75.9%) | loss: 5.208567 | lrm: 0.48 | dt: 1044ms | tok/sec: 62,762 | epoch: 1 | remaining: 71s    
step 00217 (76.3%) | loss: 5.203090 | lrm: 0.47 | dt: 1048ms | tok/sec: 62,549 | epoch: 1 | remaining: 70s    
step 00218 (76.6%) | loss: 5.193829 | lrm: 0.47 | dt: 1045ms | tok/sec: 62,699 | epoch: 1 | remaining: 69s    
step 00219 (77.0%) | loss: 5.178032 | lrm: 0.46 | dt: 1061ms | tok/sec: 61,747 | epoch: 1 | remaining: 68s    
step 00220 (77.3%) | loss: 5.170191 | lrm: 0.45 | dt: 1046ms | tok/sec: 62,676 | epoch: 1 | remaining: 67s    
step 00221 (77.7%) | loss: 5.169114 | lrm: 0.45 | dt: 1044ms | tok/sec: 62,750 | epoch: 1 | remaining: 66s    
step 00222 (78.0%) | loss: 5.163355 | lrm: 0.44 | dt: 1050ms | tok/sec: 62,412 | epoch: 1 | remaining: 65s    
step 00223 (78.4%) | loss: 5.148328 | lrm: 0.43 | dt: 1056ms | tok/sec: 62,036 | epoch: 1 | remaining: 64s    
step 00224 (78.7%) | loss: 5.155235 | lrm: 0.43 | dt: 1036ms | tok/sec: 63,248 | epoch: 1 | remaining: 63s    
step 00225 (79.1%) | loss: 5.146503 | lrm: 0.42 | dt: 1044ms | tok/sec: 62,766 | epoch: 1 | remaining: 62s    
step 00226 (79.4%) | loss: 5.142158 | lrm: 0.41 | dt: 1064ms | tok/sec: 61,584 | epoch: 1 | remaining: 61s    
step 00227 (79.8%) | loss: 5.138106 | lrm: 0.40 | dt: 1053ms | tok/sec: 62,259 | epoch: 1 | remaining: 60s    
step 00228 (80.1%) | loss: 5.135473 | lrm: 0.40 | dt: 1044ms | tok/sec: 62,803 | epoch: 1 | remaining: 59s    
step 00229 (80.5%) | loss: 5.128377 | lrm: 0.39 | dt: 1046ms | tok/sec: 62,683 | epoch: 1 | remaining: 58s    
step 00230 (80.8%) | loss: 5.120483 | lrm: 0.38 | dt: 1048ms | tok/sec: 62,521 | epoch: 1 | remaining: 56s    
step 00231 (81.2%) | loss: 5.121501 | lrm: 0.38 | dt: 1062ms | tok/sec: 61,690 | epoch: 1 | remaining: 55s    
step 00232 (81.5%) | loss: 5.117309 | lrm: 0.37 | dt: 1052ms | tok/sec: 62,282 | epoch: 1 | remaining: 54s    
step 00233 (81.9%) | loss: 5.112758 | lrm: 0.36 | dt: 1058ms | tok/sec: 61,955 | epoch: 1 | remaining: 53s    
step 00234 (82.2%) | loss: 5.106043 | lrm: 0.36 | dt: 1057ms | tok/sec: 61,986 | epoch: 1 | remaining: 52s    
step 00235 (82.6%) | loss: 5.093281 | lrm: 0.35 | dt: 1063ms | tok/sec: 61,658 | epoch: 1 | remaining: 51s    
step 00236 (82.9%) | loss: 5.082451 | lrm: 0.34 | dt: 1043ms | tok/sec: 62,816 | epoch: 1 | remaining: 50s    
step 00237 (83.3%) | loss: 5.084103 | lrm: 0.33 | dt: 1072ms | tok/sec: 61,144 | epoch: 1 | remaining: 49s    
step 00238 (83.6%) | loss: 5.086304 | lrm: 0.33 | dt: 1064ms | tok/sec: 61,600 | epoch: 1 | remaining: 48s    
step 00239 (84.0%) | loss: 5.079179 | lrm: 0.32 | dt: 1048ms | tok/sec: 62,507 | epoch: 1 | remaining: 47s    
step 00240 (84.3%) | loss: 5.072299 | lrm: 0.31 | dt: 1041ms | tok/sec: 62,983 | epoch: 1 | remaining: 46s    
step 00241 (84.7%) | loss: 5.069622 | lrm: 0.31 | dt: 1057ms | tok/sec: 62,000 | epoch: 1 | remaining: 45s    
step 00242 (85.0%) | loss: 5.065074 | lrm: 0.30 | dt: 1042ms | tok/sec: 62,883 | epoch: 1 | remaining: 44s    
step 00243 (85.4%) | loss: 5.059070 | lrm: 0.29 | dt: 1033ms | tok/sec: 63,445 | epoch: 1 | remaining: 43s    
step 00244 (85.7%) | loss: 5.048798 | lrm: 0.29 | dt: 1043ms | tok/sec: 62,860 | epoch: 1 | remaining: 42s    
step 00245 (86.1%) | loss: 5.049515 | lrm: 0.28 | dt: 1069ms | tok/sec: 61,325 | epoch: 1 | remaining: 41s    
step 00246 (86.4%) | loss: 5.040754 | lrm: 0.27 | dt: 1048ms | tok/sec: 62,554 | epoch: 1 | remaining: 40s    
step 00247 (86.8%) | loss: 5.037585 | lrm: 0.26 | dt: 1039ms | tok/sec: 63,048 | epoch: 1 | remaining: 39s    
step 00248 (87.1%) | loss: 5.027916 | lrm: 0.26 | dt: 1042ms | tok/sec: 62,882 | epoch: 1 | remaining: 38s    
step 00249 (87.5%) | loss: 5.025129 | lrm: 0.25 | dt: 1056ms | tok/sec: 62,083 | epoch: 1 | remaining: 36s    
step 00250 (87.8%) | loss: 5.020661 | lrm: 0.24 | dt: 1034ms | tok/sec: 63,403 | epoch: 1 | remaining: 35s    
step 00251 (88.2%) | loss: 5.019521 | lrm: 0.24 | dt: 1042ms | tok/sec: 62,870 | epoch: 1 | remaining: 34s    
step 00252 (88.5%) | loss: 5.020031 | lrm: 0.23 | dt: 1048ms | tok/sec: 62,561 | epoch: 1 | remaining: 33s    
step 00253 (88.9%) | loss: 5.016050 | lrm: 0.22 | dt: 1054ms | tok/sec: 62,152 | epoch: 1 | remaining: 32s    
step 00254 (89.2%) | loss: 5.014847 | lrm: 0.22 | dt: 1047ms | tok/sec: 62,578 | epoch: 1 | remaining: 31s    
step 00255 (89.6%) | loss: 5.010601 | lrm: 0.21 | dt: 1045ms | tok/sec: 62,691 | epoch: 1 | remaining: 30s    
step 00256 (89.9%) | loss: 4.998501 | lrm: 0.20 | dt: 1054ms | tok/sec: 62,152 | epoch: 1 | remaining: 29s    
step 00257 (90.3%) | loss: 4.997759 | lrm: 0.19 | dt: 1050ms | tok/sec: 62,399 | epoch: 1 | remaining: 28s    
step 00258 (90.6%) | loss: 4.992136 | lrm: 0.19 | dt: 1055ms | tok/sec: 62,117 | epoch: 1 | remaining: 27s    
step 00259 (91.0%) | loss: 4.983628 | lrm: 0.18 | dt: 1041ms | tok/sec: 62,982 | epoch: 1 | remaining: 26s    
step 00260 (91.3%) | loss: 4.995878 | lrm: 0.17 | dt: 1059ms | tok/sec: 61,866 | epoch: 1 | remaining: 25s    
step 00261 (91.7%) | loss: 5.001909 | lrm: 0.17 | dt: 1047ms | tok/sec: 62,606 | epoch: 1 | remaining: 24s    
step 00262 (92.0%) | loss: 4.993612 | lrm: 0.16 | dt: 1043ms | tok/sec: 62,834 | epoch: 1 | remaining: 23s    
step 00263 (92.4%) | loss: 4.988149 | lrm: 0.15 | dt: 1047ms | tok/sec: 62,613 | epoch: 1 | remaining: 22s    
step 00264 (92.7%) | loss: 4.989966 | lrm: 0.15 | dt: 1058ms | tok/sec: 61,965 | epoch: 1 | remaining: 21s    
step 00265 (93.1%) | loss: 4.987327 | lrm: 0.14 | dt: 1042ms | tok/sec: 62,866 | epoch: 1 | remaining: 20s    
step 00266 (93.4%) | loss: 4.984875 | lrm: 0.13 | dt: 1044ms | tok/sec: 62,782 | epoch: 1 | remaining: 19s    
step 00267 (93.8%) | loss: 4.977756 | lrm: 0.12 | dt: 1045ms | tok/sec: 62,701 | epoch: 1 | remaining: 18s    
step 00268 (94.1%) | loss: 4.967882 | lrm: 0.12 | dt: 1060ms | tok/sec: 61,828 | epoch: 1 | remaining: 17s    
step 00269 (94.5%) | loss: 4.971079 | lrm: 0.11 | dt: 1043ms | tok/sec: 62,859 | epoch: 1 | remaining: 16s    
step 00270 (94.8%) | loss: 4.969070 | lrm: 0.10 | dt: 1041ms | tok/sec: 62,926 | epoch: 1 | remaining: 14s    
step 00271 (95.2%) | loss: 4.967014 | lrm: 0.10 | dt: 1054ms | tok/sec: 62,184 | epoch: 1 | remaining: 13s    
step 00272 (95.5%) | loss: 4.966520 | lrm: 0.09 | dt: 1051ms | tok/sec: 62,385 | epoch: 1 | remaining: 12s    
step 00273 (95.9%) | loss: 4.962548 | lrm: 0.08 | dt: 1053ms | tok/sec: 62,241 | epoch: 1 | remaining: 11s    
step 00274 (96.2%) | loss: 4.963252 | lrm: 0.08 | dt: 1048ms | tok/sec: 62,508 | epoch: 1 | remaining: 10s    
step 00275 (96.6%) | loss: 4.960645 | lrm: 0.07 | dt: 1066ms | tok/sec: 61,453 | epoch: 1 | remaining: 9s    
step 00276 (96.9%) | loss: 4.949683 | lrm: 0.06 | dt: 1050ms | tok/sec: 62,392 | epoch: 1 | remaining: 8s    
step 00277 (97.3%) | loss: 4.947191 | lrm: 0.05 | dt: 1039ms | tok/sec: 63,048 | epoch: 1 | remaining: 7s    
step 00278 (97.6%) | loss: 4.941087 | lrm: 0.05 | dt: 1047ms | tok/sec: 62,604 | epoch: 1 | remaining: 6s    
step 00279 (98.0%) | loss: 4.939911 | lrm: 0.04 | dt: 1048ms | tok/sec: 62,512 | epoch: 1 | remaining: 5s    
step 00280 (98.3%) | loss: 4.935408 | lrm: 0.03 | dt: 1049ms | tok/sec: 62,479 | epoch: 1 | remaining: 4s    
step 00281 (98.7%) | loss: 4.930978 | lrm: 0.03 | dt: 1043ms | tok/sec: 62,839 | epoch: 1 | remaining: 3s    
step 00282 (99.0%) | loss: 4.932076 | lrm: 0.02 | dt: 1050ms | tok/sec: 62,422 | epoch: 1 | remaining: 2s    
step 00283 (99.4%) | loss: 4.936253 | lrm: 0.01 | dt: 1064ms | tok/sec: 61,621 | epoch: 1 | remaining: 1s    
step 00284 (99.7%) | loss: 4.933920 | lrm: 0.01 | dt: 1046ms | tok/sec: 62,646 | epoch: 1 | remaining: 0s    
Training completed in 300.8s
Starting final eval...
Final eval batch size: 256
Final eval completed in 8.4s
---
val_bpb:          1.742396
training_seconds: 300.2
total_seconds:    309.9
peak_vram_mb:     8600.2
mfu_percent:      0.00
total_tokens_M:   18.7
num_steps:        285
num_params_M:     11.5
depth:            4
  seed 3/3: val_bpb 1.742396

BASELINE e2ff173: 1.761750 +/- 0.029889 (3 seeds)
